Script started on Thu Feb  3 10:56:34 2022

The default interactive shell is now zsh.
To update your account to use zsh, please run `chsh -s /bin/zsh`.
For more details, please visit https://support.apple.com/kb/HT208050.
[?1034hbash-3.2$ m[Kcd
bash-3.2$ mkdir practica1
bash-3.2$ cd practicc[Ka 1[K[K1
bash-3.2$ git clone git@github.com:HJ-JK/GIT-y-multiprocessing.git
Cloning into 'GIT-y-multiprocessing'...
remote: Enumerating objects: 5, done.[K
remote: Counting objects:  20% (1/5)[Kremote: Counting objects:  40% (2/5)[Kremote: Counting objects:  60% (3/5)[Kremote: Counting objects:  80% (4/5)[Kremote: Counting objects: 100% (5/5)[Kremote: Counting objects: 100% (5/5), done.[K
remote: Compressing objects:  25% (1/4)[Kremote: Compressing objects:  50% (2/4)[Kremote: Compressing objects:  75% (3/4)[Kremote: Compressing objects: 100% (4/4)[Kremote: Compressing objects: 100% (4/4), done.[K
remote: Total 5 (delta 0), reused 0 (delta 0), pack-reused 0[K
Receiving objects:  20% (1/5)Receiving objects:  40% (2/5)Receiving objects:  60% (3/5)Receiving objects:  80% (4/5)Receiving objects: 100% (5/5)Receiving objects: 100% (5/5), 13.46 KiB | 4.49 MiB/s, done.
bash-3.2$ cd practica1
bash: cd: practica1: No such file or directory
bash-3.2$ cd
bash-3.2$ cd practica1
bash-3.2$ python3 0_procesos.py
fin
hola 0
hola 0
hola 1
hola 2
hola 1
hola 2
hola 3
hola 4
hola 3
hola 4
bash-3.2$ python3 0_procesos.py[1P_procesos.py1_procesos.py
fin
hola soy ana 1 vuelta 0
hola soy ana 7 vuelta 0
hola soy ana 2 vuelta 0
hola soy ana 9 vuelta 0
hola soy ana 0 vuelta 0
adios
hola soy ana 6 vuelta 0
hola soy ana 3 vuelta 0
hola soy ana 0 vuelta 1
hola soy ana 8 vuelta 0
hola soy ana 4 vuelta 0
hola soy ana 5 vuelta 0
hola soy ana 8 vuelta 1
hola soy ana 1 vuelta 1
hola soy ana 7 vuelta 1
hola soy ana 3 vuelta 1
hola soy ana 9 vuelta 1
hola soy ana 3 vuelta 2
hola soy ana 0 vuelta 2
hola soy ana 4 vuelta 1
hola soy ana 6 vuelta 1
hola soy ana 5 vuelta 1
hola soy ana 4 vuelta 2
hola soy ana 8 vuelta 2
hola soy ana 2 vuelta 1
hola soy ana 1 vuelta 2
hola soy ana 7 vuelta 2
hola soy ana 9 vuelta 2
hola soy ana 2 vuelta 2
hola soy ana 6 vuelta 2
hola soy ana 5 vuelta 2
bash-3.2$ python3 1_procesos.py[1P_procesos.py2_procesos.py
fin
hola soy ana_1, 10562, True, vuelta 0
hola soy ana_0, 10561, True, vuelta 0
hola soy ana_1, 10562, True, vuelta 1
hola soy ana_2, 10563, True, vuelta 0
adios
hola soy ana_1, 10562, True, vuelta 2
hola soy ana_1, 10562, True, vuelta 3
hola soy ana_0, 10561, True, vuelta 1
hola soy ana_2, 10563, True, vuelta 1
hola soy ana_0, 10561, True, vuelta 2
hola soy ana_2, 10563, True, vuelta 2
hola soy ana_1, 10562, True, vuelta 4
hola soy ana_2, 10563, True, vuelta 3
hola soy ana_0, 10561, True, vuelta 3
hola soy ana_0, 10561, True, vuelta 4
hola soy ana_2, 10563, True, vuelta 4
bash-3.2$ python3 2_procesos.py[1P_procesos.py3_procesos.py
  File "/Users/hanjiezhu/practica1/3_procesos.py", line 16
    c = Value(â€™iâ€™, 0)
              ^
SyntaxError: invalid character 'â€™' (U+2019)
bash-3.2$ python3 3_procesos.py
Valor inicial del contador 0
Traceback (most recent call last):
  File "<string>", line 1, in <module>
  File "/opt/anaconda3/lib/python3.9/multiprocessing/spawn.py", line 116, in spawn_main
Traceback (most recent call last):
    exitcode = _main(fd, parent_sentinel)
  File "/opt/anaconda3/lib/python3.9/multiprocessing/spawn.py", line 126, in _main
    self = reduction.pickle.load(from_parent)
  File "/opt/anaconda3/lib/python3.9/multiprocessing/synchronize.py", line 110, in __setstate__
  File "<string>", line 1, in <module>
    self._semlock = _multiprocessing.SemLock._rebuild(*state)
FileNotFoundError: [Errno 2] No such file or directory
Traceback (most recent call last):
  File "<string>", line 1, in <module>
  File "/opt/anaconda3/lib/python3.9/multiprocessing/spawn.py", line 116, in spawn_main
    exitcode = _main(fd, parent_sentinel)
  File "/opt/anaconda3/lib/python3.9/multiprocessing/spawn.py", line 126, in _main
    self = reduction.pickle.load(from_parent)
  File "/opt/anaconda3/lib/python3.9/multiprocessing/synchronize.py", line 110, in __setstate__
    self._semlock = _multiprocessing.SemLock._rebuild(*state)
FileNotFoundError: [Errno 2] No such file or directory
Traceback (most recent call last):
  File "<string>", line 1, in <module>
  File "/opt/anaconda3/lib/python3.9/multiprocessing/spawn.py", line 116, in spawn_main
    exitcode = _main(fd, parent_sentinel)
  File "/opt/anaconda3/lib/python3.9/multiprocessing/spawn.py", line 126, in _main
    self = reduction.pickle.load(from_parent)
  File "/opt/anaconda3/lib/python3.9/multiprocessing/synchronize.py", line 110, in __setstate__
    self._semlock = _multiprocessing.SemLock._rebuild(*state)
FileNotFoundError: [Errno 2] No such file or directory
  File "/opt/anaconda3/lib/python3.9/multiprocessing/spawn.py", line 116, in spawn_main
    exitcode = _main(fd, parent_sentinel)
  File "/opt/anaconda3/lib/python3.9/multiprocessing/spawn.py", line 126, in _main
    self = reduction.pickle.load(from_parent)
  File "/opt/anaconda3/lib/python3.9/multiprocessing/synchronize.py", line 110, in __setstate__
    self._semlock = _multiprocessing.SemLock._rebuild(*state)
FileNotFoundError: [Errno 2] No such file or directory
Traceback (most recent call last):
  File "<string>", line 1, in <module>
  File "/opt/anaconda3/lib/python3.9/multiprocessing/spawn.py", line 116, in spawn_main
    exitcode = _main(fd, parent_sentinel)
  File "/opt/anaconda3/lib/python3.9/multiprocessing/spawn.py", line 126, in _main
    self = reduction.pickle.load(from_parent)
  File "/opt/anaconda3/lib/python3.9/multiprocessing/synchronize.py", line 110, in __setstate__
    self._semlock = _multiprocessing.SemLock._rebuild(*state)
FileNotFoundError: [Errno 2] No such file or directory
Traceback (most recent call last):
  File "<string>", line 1, in <module>
  File "/opt/anaconda3/lib/python3.9/multiprocessing/spawn.py", line 116, in spawn_main
    exitcode = _main(fd, parent_sentinel)
  File "/opt/anaconda3/lib/python3.9/multiprocessing/spawn.py", line 126, in _main
    self = reduction.pickle.load(from_parent)
  File "/opt/anaconda3/lib/python3.9/multiprocessing/synchronize.py", line 110, in __setstate__
    self._semlock = _multiprocessing.SemLock._rebuild(*state)
FileNotFoundError: [Errno 2] No such file or directory
Traceback (most recent call last):
  File "<string>", line 1, in <module>
  File "/opt/anaconda3/lib/python3.9/multiprocessing/spawn.py", line 116, in spawn_main
    exitcode = _main(fd, parent_sentinel)
  File "/opt/anaconda3/lib/python3.9/multiprocessing/spawn.py", line 126, in _main
    self = reduction.pickle.load(from_parent)
  File "/opt/anaconda3/lib/python3.9/multiprocessing/synchronize.py", line 110, in __setstate__
    self._semlock = _multiprocessing.SemLock._rebuild(*state)
FileNotFoundError: [Errno 2] No such file or directory
Traceback (most recent call last):
  File "<string>", line 1, in <module>
  File "/opt/anaconda3/lib/python3.9/multiprocessing/spawn.py", line 116, in spawn_main
    exitcode = _main(fd, parent_sentinel)
  File "/opt/anaconda3/lib/python3.9/multiprocessing/spawn.py", line 126, in _main
    self = reduction.pickle.load(from_parent)
  File "/opt/anaconda3/lib/python3.9/multiprocessing/synchronize.py", line 110, in __setstate__
    self._semlock = _multiprocessing.SemLock._rebuild(*state)
FileNotFoundError: [Errno 2] No such file or directory
bash-3.2$ python3 3_procesos.py
Valor inicial del contador 0
Traceback (most recent call last):
  File "<string>", line 1, in <module>
  File "/opt/anaconda3/lib/python3.9/multiprocessing/spawn.py", line 116, in spawn_main
    exitcode = _main(fd, parent_sentinel)
  File "/opt/anaconda3/lib/python3.9/multiprocessing/spawn.py", line 126, in _main
    self = reduction.pickle.load(from_parent)
  File "/opt/anaconda3/lib/python3.9/multiprocessing/synchronize.py", line 110, in __setstate__
    self._semlock = _multiprocessing.SemLock._rebuild(*state)
FileNotFoundError: [Errno 2] No such file or directory
Traceback (most recent call last):
  File "<string>", line 1, in <module>
  File "/opt/anaconda3/lib/python3.9/multiprocessing/spawn.py", line 116, in spawn_main
    exitcode = _main(fd, parent_sentinel)
  File "/opt/anaconda3/lib/python3.9/multiprocessing/spawn.py", line 126, in _main
    self = reduction.pickle.load(from_parent)
  File "/opt/anaconda3/lib/python3.9/multiprocessing/synchronize.py", line 110, in __setstate__
    self._semlock = _multiprocessing.SemLock._rebuild(*state)
FileNotFoundError: [Errno 2] No such file or directory
Traceback (most recent call last):
  File "<string>", line 1, in <module>
  File "/opt/anaconda3/lib/python3.9/multiprocessing/spawn.py", line 116, in spawn_main
    exitcode = _main(fd, parent_sentinel)
  File "/opt/anaconda3/lib/python3.9/multiprocessing/spawn.py", line 126, in _main
    self = reduction.pickle.load(from_parent)
  File "/opt/anaconda3/lib/python3.9/multiprocessing/synchronize.py", line 110, in __setstate__
    self._semlock = _multiprocessing.SemLock._rebuild(*state)
FileNotFoundError: [Errno 2] No such file or directory
Traceback (most recent call last):
  File "<string>", line 1, in <module>
  File "/opt/anaconda3/lib/python3.9/multiprocessing/spawn.py", line 116, in spawn_main
    exitcode = _main(fd, parent_sentinel)
  File "/opt/anaconda3/lib/python3.9/multiprocessing/spawn.py", line 126, in _main
    self = reduction.pickle.load(from_parent)
  File "/opt/anaconda3/lib/python3.9/multiprocessing/synchronize.py", line 110, in __setstate__
    self._semlock = _multiprocessing.SemLock._rebuild(*state)
FileNotFoundError: [Errno 2] No such file or directory
Traceback (most recent call last):
  File "<string>", line 1, in <module>
  File "/opt/anaconda3/lib/python3.9/multiprocessing/spawn.py", line 116, in spawn_main
    exitcode = _main(fd, parent_sentinel)
  File "/opt/anaconda3/lib/python3.9/multiprocessing/spawn.py", line 126, in _main
    self = reduction.pickle.load(from_parent)
  File "/opt/anaconda3/lib/python3.9/multiprocessing/synchronize.py", line 110, in __setstate__
    self._semlock = _multiprocessing.SemLock._rebuild(*state)
FileNotFoundError: [Errno 2] No such file or directory
Traceback (most recent call last):
  File "<string>", line 1, in <module>
  File "/opt/anaconda3/lib/python3.9/multiprocessing/spawn.py", line 116, in spawn_main
    exitcode = _main(fd, parent_sentinel)
  File "/opt/anaconda3/lib/python3.9/multiprocessing/spawn.py", line 126, in _main
    self = reduction.pickle.load(from_parent)
  File "/opt/anaconda3/lib/python3.9/multiprocessing/synchronize.py", line 110, in __setstate__
    self._semlock = _multiprocessing.SemLock._rebuild(*state)
FileNotFoundError: [Errno 2] No such file or directory
Traceback (most recent call last):
  File "<string>", line 1, in <module>
  File "/opt/anaconda3/lib/python3.9/multiprocessing/spawn.py", line 116, in spawn_main
    exitcode = _main(fd, parent_sentinel)
  File "/opt/anaconda3/lib/python3.9/multiprocessing/spawn.py", line 126, in _main
    self = reduction.pickle.load(from_parent)
  File "/opt/anaconda3/lib/python3.9/multiprocessing/synchronize.py", line 110, in __setstate__
    self._semlock = _multiprocessing.SemLock._rebuild(*state)
FileNotFoundError: [Errno 2] No such file or directory
Traceback (most recent call last):
  File "<string>", line 1, in <module>
  File "/opt/anaconda3/lib/python3.9/multiprocessing/spawn.py", line 116, in spawn_main
    exitcode = _main(fd, parent_sentinel)
  File "/opt/anaconda3/lib/python3.9/multiprocessing/spawn.py", line 126, in _main
    self = reduction.pickle.load(from_parent)
  File "/opt/anaconda3/lib/python3.9/multiprocessing/synchronize.py", line 110, in __setstate__
    self._semlock = _multiprocessing.SemLock._rebuild(*state)
FileNotFoundError: [Errno 2] No such file or directory
bash-3.2$ cd
bash-3.2$ cd practica1
bash-3.2$ cd practica1[Kpython3 3_procesos.py
Valor inicial del contador 0
Traceback (most recent call last):
  File "<string>", line 1, in <module>
  File "/opt/anaconda3/lib/python3.9/multiprocessing/spawn.py", line 116, in spawn_main
    exitcode = _main(fd, parent_sentinel)
  File "/opt/anaconda3/lib/python3.9/multiprocessing/spawn.py", line 126, in _main
    self = reduction.pickle.load(from_parent)
  File "/opt/anaconda3/lib/python3.9/multiprocessing/synchronize.py", line 110, in __setstate__
    self._semlock = _multiprocessing.SemLock._rebuild(*state)
FileNotFoundError: [Errno 2] No such file or directory
Traceback (most recent call last):
  File "<string>", line 1, in <module>
  File "/opt/anaconda3/lib/python3.9/multiprocessing/spawn.py", line 116, in spawn_main
    exitcode = _main(fd, parent_sentinel)
  File "/opt/anaconda3/lib/python3.9/multiprocessing/spawn.py", line 126, in _main
    self = reduction.pickle.load(from_parent)
  File "/opt/anaconda3/lib/python3.9/multiprocessing/synchronize.py", line 110, in __setstate__
    self._semlock = _multiprocessing.SemLock._rebuild(*state)
FileNotFoundError: [Errno 2] No such file or directory
Traceback (most recent call last):
  File "<string>", line 1, in <module>
  File "/opt/anaconda3/lib/python3.9/multiprocessing/spawn.py", line 116, in spawn_main
    exitcode = _main(fd, parent_sentinel)
  File "/opt/anaconda3/lib/python3.9/multiprocessing/spawn.py", line 126, in _main
    self = reduction.pickle.load(from_parent)
  File "/opt/anaconda3/lib/python3.9/multiprocessing/synchronize.py", line 110, in __setstate__
    self._semlock = _multiprocessing.SemLock._rebuild(*state)
FileNotFoundError: [Errno 2] No such file or directory
Traceback (most recent call last):
  File "<string>", line 1, in <module>
  File "/opt/anaconda3/lib/python3.9/multiprocessing/spawn.py", line 116, in spawn_main
    exitcode = _main(fd, parent_sentinel)
  File "/opt/anaconda3/lib/python3.9/multiprocessing/spawn.py", line 126, in _main
    self = reduction.pickle.load(from_parent)
  File "/opt/anaconda3/lib/python3.9/multiprocessing/synchronize.py", line 110, in __setstate__
    self._semlock = _multiprocessing.SemLock._rebuild(*state)
FileNotFoundError: [Errno 2] No such file or directory
Traceback (most recent call last):
  File "<string>", line 1, in <module>
  File "/opt/anaconda3/lib/python3.9/multiprocessing/spawn.py", line 116, in spawn_main
    exitcode = _main(fd, parent_sentinel)
  File "/opt/anaconda3/lib/python3.9/multiprocessing/spawn.py", line 126, in _main
    self = reduction.pickle.load(from_parent)
  File "/opt/anaconda3/lib/python3.9/multiprocessing/synchronize.py", line 110, in __setstate__
    self._semlock = _multiprocessing.SemLock._rebuild(*state)
FileNotFoundError: [Errno 2] No such file or directory
Traceback (most recent call last):
  File "<string>", line 1, in <module>
  File "/opt/anaconda3/lib/python3.9/multiprocessing/spawn.py", line 116, in spawn_main
    exitcode = _main(fd, parent_sentinel)
  File "/opt/anaconda3/lib/python3.9/multiprocessing/spawn.py", line 126, in _main
    self = reduction.pickle.load(from_parent)
  File "/opt/anaconda3/lib/python3.9/multiprocessing/synchronize.py", line 110, in __setstate__
    self._semlock = _multiprocessing.SemLock._rebuild(*state)
FileNotFoundError: [Errno 2] No such file or directory
Traceback (most recent call last):
  File "<string>", line 1, in <module>
  File "/opt/anaconda3/lib/python3.9/multiprocessing/spawn.py", line 116, in spawn_main
    exitcode = _main(fd, parent_sentinel)
  File "/opt/anaconda3/lib/python3.9/multiprocessing/spawn.py", line 126, in _main
    self = reduction.pickle.load(from_parent)
  File "/opt/anaconda3/lib/python3.9/multiprocessing/synchronize.py", line 110, in __setstate__
    self._semlock = _multiprocessing.SemLock._rebuild(*state)
FileNotFoundError: [Errno 2] No such file or directory
Traceback (most recent call last):
  File "<string>", line 1, in <module>
  File "/opt/anaconda3/lib/python3.9/multiprocessing/spawn.py", line 116, in spawn_main
    exitcode = _main(fd, parent_sentinel)
  File "/opt/anaconda3/lib/python3.9/multiprocessing/spawn.py", line 126, in _main
    self = reduction.pickle.load(from_parent)
  File "/opt/anaconda3/lib/python3.9/multiprocessing/synchronize.py", line 110, in __setstate__
    self._semlock = _multiprocessing.SemLock._rebuild(*state)
FileNotFoundError: [Errno 2] No such file or directory
bash-3.2$ python3 3_procesos.py[C[C[C[C[C[C[C[C[C[C[Kpython3 3_procesos.py[C[C[C[C[C[C[C[C[C[C[9Pcd practica1[K practica1[C[C[C[C[C[C[C[C[C[Cpython3 3_procesos.py[C[C[C[C[C[C[C[C[C[C[Kcd
bash-3.2$ cd practica1
bash-3.2$ cd practica1[K practica1[C[C[C[C[C[C[C[C[C[C[Kpython3 p[K0[K3_procesosz.py
python3: can't open file '/Users/hanjiezhu/practica1/3_procesosz.py': [Errno 2] No such file or directory
bash-3.2$ python3 3_procesosz.py[C[1P.py
Valor inicial del contador 0
Traceback (most recent call last):
  File "<string>", line 1, in <module>
  File "/opt/anaconda3/lib/python3.9/multiprocessing/spawn.py", line 116, in spawn_main
    exitcode = _main(fd, parent_sentinel)
  File "/opt/anaconda3/lib/python3.9/multiprocessing/spawn.py", line 126, in _main
    self = reduction.pickle.load(from_parent)
  File "/opt/anaconda3/lib/python3.9/multiprocessing/synchronize.py", line 110, in __setstate__
    self._semlock = _multiprocessing.SemLock._rebuild(*state)
FileNotFoundError: [Errno 2] No such file or directory
Traceback (most recent call last):
  File "<string>", line 1, in <module>
  File "/opt/anaconda3/lib/python3.9/multiprocessing/spawn.py", line 116, in spawn_main
    exitcode = _main(fd, parent_sentinel)
  File "/opt/anaconda3/lib/python3.9/multiprocessing/spawn.py", line 126, in _main
    self = reduction.pickle.load(from_parent)
  File "/opt/anaconda3/lib/python3.9/multiprocessing/synchronize.py", line 110, in __setstate__
    self._semlock = _multiprocessing.SemLock._rebuild(*state)
FileNotFoundError: [Errno 2] No such file or directory
Traceback (most recent call last):
  File "<string>", line 1, in <module>
  File "/opt/anaconda3/lib/python3.9/multiprocessing/spawn.py", line 116, in spawn_main
    exitcode = _main(fd, parent_sentinel)
  File "/opt/anaconda3/lib/python3.9/multiprocessing/spawn.py", line 126, in _main
    self = reduction.pickle.load(from_parent)
  File "/opt/anaconda3/lib/python3.9/multiprocessing/synchronize.py", line 110, in __setstate__
    self._semlock = _multiprocessing.SemLock._rebuild(*state)
FileNotFoundError: [Errno 2] No such file or directory
Traceback (most recent call last):
  File "<string>", line 1, in <module>
  File "/opt/anaconda3/lib/python3.9/multiprocessing/spawn.py", line 116, in spawn_main
    exitcode = _main(fd, parent_sentinel)
  File "/opt/anaconda3/lib/python3.9/multiprocessing/spawn.py", line 126, in _main
    self = reduction.pickle.load(from_parent)
  File "/opt/anaconda3/lib/python3.9/multiprocessing/synchronize.py", line 110, in __setstate__
    self._semlock = _multiprocessing.SemLock._rebuild(*state)
FileNotFoundError: [Errno 2] No such file or directory
Traceback (most recent call last):
  File "<string>", line 1, in <module>
  File "/opt/anaconda3/lib/python3.9/multiprocessing/spawn.py", line 116, in spawn_main
    exitcode = _main(fd, parent_sentinel)
  File "/opt/anaconda3/lib/python3.9/multiprocessing/spawn.py", line 126, in _main
    self = reduction.pickle.load(from_parent)
  File "/opt/anaconda3/lib/python3.9/multiprocessing/synchronize.py", line 110, in __setstate__
    self._semlock = _multiprocessing.SemLock._rebuild(*state)
FileNotFoundError: [Errno 2] No such file or directory
Traceback (most recent call last):
  File "<string>", line 1, in <module>
  File "/opt/anaconda3/lib/python3.9/multiprocessing/spawn.py", line 116, in spawn_main
    exitcode = _main(fd, parent_sentinel)
  File "/opt/anaconda3/lib/python3.9/multiprocessing/spawn.py", line 126, in _main
    self = reduction.pickle.load(from_parent)
  File "/opt/anaconda3/lib/python3.9/multiprocessing/synchronize.py", line 110, in __setstate__
    self._semlock = _multiprocessing.SemLock._rebuild(*state)
FileNotFoundError: [Errno 2] No such file or directory
Traceback (most recent call last):
  File "<string>", line 1, in <module>
  File "/opt/anaconda3/lib/python3.9/multiprocessing/spawn.py", line 116, in spawn_main
Traceback (most recent call last):
    exitcode = _main(fd, parent_sentinel)
  File "/opt/anaconda3/lib/python3.9/multiprocessing/spawn.py", line 126, in _main
  File "<string>", line 1, in <module>
    self = reduction.pickle.load(from_parent)
  File "/opt/anaconda3/lib/python3.9/multiprocessing/synchronize.py", line 110, in __setstate__
  File "/opt/anaconda3/lib/python3.9/multiprocessing/spawn.py", line 116, in spawn_main
    self._semlock = _multiprocessing.SemLock._rebuild(*state)
FileNotFoundError: [Errno 2] No such file or directory
    exitcode = _main(fd, parent_sentinel)
  File "/opt/anaconda3/lib/python3.9/multiprocessing/spawn.py", line 126, in _main
    self = reduction.pickle.load(from_parent)
  File "/opt/anaconda3/lib/python3.9/multiprocessing/synchronize.py", line 110, in __setstate__
    self._semlock = _multiprocessing.SemLock._rebuild(*state)
FileNotFoundError: [Errno 2] No such file or directory
bash-3.2$ python3 3_procesos.py
Valor inicial del contador 0
Traceback (most recent call last):
  File "<string>", line 1, in <module>
  File "/opt/anaconda3/lib/python3.9/multiprocessing/spawn.py", line 116, in spawn_main
    exitcode = _main(fd, parent_sentinel)
  File "/opt/anaconda3/lib/python3.9/multiprocessing/spawn.py", line 126, in _main
    self = reduction.pickle.load(from_parent)
  File "/opt/anaconda3/lib/python3.9/multiprocessing/synchronize.py", line 110, in __setstate__
    self._semlock = _multiprocessing.SemLock._rebuild(*state)
FileNotFoundError: [Errno 2] No such file or directory
Traceback (most recent call last):
  File "<string>", line 1, in <module>
  File "/opt/anaconda3/lib/python3.9/multiprocessing/spawn.py", line 116, in spawn_main
    exitcode = _main(fd, parent_sentinel)
  File "/opt/anaconda3/lib/python3.9/multiprocessing/spawn.py", line 126, in _main
    self = reduction.pickle.load(from_parent)
  File "/opt/anaconda3/lib/python3.9/multiprocessing/synchronize.py", line 110, in __setstate__
    self._semlock = _multiprocessing.SemLock._rebuild(*state)
FileNotFoundError: [Errno 2] No such file or directory
Traceback (most recent call last):
  File "<string>", line 1, in <module>
  File "/opt/anaconda3/lib/python3.9/multiprocessing/spawn.py", line 116, in spawn_main
    exitcode = _main(fd, parent_sentinel)
  File "/opt/anaconda3/lib/python3.9/multiprocessing/spawn.py", line 126, in _main
    self = reduction.pickle.load(from_parent)
  File "/opt/anaconda3/lib/python3.9/multiprocessing/synchronize.py", line 110, in __setstate__
    self._semlock = _multiprocessing.SemLock._rebuild(*state)
FileNotFoundError: [Errno 2] No such file or directory
Traceback (most recent call last):
  File "<string>", line 1, in <module>
  File "/opt/anaconda3/lib/python3.9/multiprocessing/spawn.py", line 116, in spawn_main
    exitcode = _main(fd, parent_sentinel)
  File "/opt/anaconda3/lib/python3.9/multiprocessing/spawn.py", line 126, in _main
    self = reduction.pickle.load(from_parent)
  File "/opt/anaconda3/lib/python3.9/multiprocessing/synchronize.py", line 110, in __setstate__
    self._semlock = _multiprocessing.SemLock._rebuild(*state)
FileNotFoundError: [Errno 2] No such file or directory
Traceback (most recent call last):
  File "<string>", line 1, in <module>
  File "/opt/anaconda3/lib/python3.9/multiprocessing/spawn.py", line 116, in spawn_main
    exitcode = _main(fd, parent_sentinel)
  File "/opt/anaconda3/lib/python3.9/multiprocessing/spawn.py", line 126, in _main
    self = reduction.pickle.load(from_parent)
  File "/opt/anaconda3/lib/python3.9/multiprocessing/synchronize.py", line 110, in __setstate__
    self._semlock = _multiprocessing.SemLock._rebuild(*state)
FileNotFoundError: [Errno 2] No such file or directory
Traceback (most recent call last):
  File "<string>", line 1, in <module>
  File "/opt/anaconda3/lib/python3.9/multiprocessing/spawn.py", line 116, in spawn_main
    exitcode = _main(fd, parent_sentinel)
Traceback (most recent call last):
  File "/opt/anaconda3/lib/python3.9/multiprocessing/spawn.py", line 126, in _main
  File "<string>", line 1, in <module>
  File "/opt/anaconda3/lib/python3.9/multiprocessing/spawn.py", line 116, in spawn_main
    self = reduction.pickle.load(from_parent)
  File "/opt/anaconda3/lib/python3.9/multiprocessing/synchronize.py", line 110, in __setstate__
    self._semlock = _multiprocessing.SemLock._rebuild(*state)
    exitcode = _main(fd, parent_sentinel)
  File "/opt/anaconda3/lib/python3.9/multiprocessing/spawn.py", line 126, in _main
FileNotFoundError: [Errno 2] No such file or directory
    self = reduction.pickle.load(from_parent)
  File "/opt/anaconda3/lib/python3.9/multiprocessing/synchronize.py", line 110, in __setstate__
    self._semlock = _multiprocessing.SemLock._rebuild(*state)
FileNotFoundError: [Errno 2] No such file or directory
Traceback (most recent call last):
  File "<string>", line 1, in <module>
  File "/opt/anaconda3/lib/python3.9/multiprocessing/spawn.py", line 116, in spawn_main
    exitcode = _main(fd, parent_sentinel)
  File "/opt/anaconda3/lib/python3.9/multiprocessing/spawn.py", line 126, in _main
    self = reduction.pickle.load(from_parent)
  File "/opt/anaconda3/lib/python3.9/multiprocessing/synchronize.py", line 110, in __setstate__
    self._semlock = _multiprocessing.SemLock._rebuild(*state)
FileNotFoundError: [Errno 2] No such file or directory
bash-3.2$ more python3 3_procesos.py[7P 3_procesos.py[C[C[C[C[C[C[C[C[C[Cc 3_procesos.py[C[C[C[C[C[C[C[C[C[C[Ca 3_procesos.py[C[C[C[C[C[C[C[C[C[C[C[Ct 3_procesos.py
#!/usr/bin/env python3
# -*- coding: utf-8 -*-
"""
Created on Thu Feb  3 11:20:44 2022

@author: hanjiezhu
"""

from multiprocessing import Process
from multiprocessing import current_process
from multiprocessing import Value
import time

def f(c):
	for i in range(100):
		temp = c.value + 1
		print (f"hola soy {current_process().pid}, vuelta: {i}, contador: {c.value}")
		time.sleep(0.1)
		c.value = temp

if __name__ == "__main__":
	N = 8
	lp = []
	c = Value('i', 0)
	for i in range(N):
		lp.append(Process(target=f, args=(c,)))
	print ("Valor inicial del contador", c.value)
	for p in lp:
		p.start()
bash-3.2$ cat 3_procesos.py[C[C[C[C[C[C[C[C[C[C[4@python3[C[C[C[C[C[C[C[C[C[C[C[C[C[C
Valor inicial del contador 0
Traceback (most recent call last):
  File "<string>", line 1, in <module>
  File "/opt/anaconda3/lib/python3.9/multiprocessing/spawn.py", line 116, in spawn_main
Traceback (most recent call last):
  File "<string>", line 1, in <module>
  File "/opt/anaconda3/lib/python3.9/multiprocessing/spawn.py", line 116, in spawn_main
    exitcode = _main(fd, parent_sentinel)
    exitcode = _main(fd, parent_sentinel)
  File "/opt/anaconda3/lib/python3.9/multiprocessing/spawn.py", line 126, in _main
    self = reduction.pickle.load(from_parent)
  File "/opt/anaconda3/lib/python3.9/multiprocessing/synchronize.py", line 110, in __setstate__
  File "/opt/anaconda3/lib/python3.9/multiprocessing/spawn.py", line 126, in _main
    self = reduction.pickle.load(from_parent)
  File "/opt/anaconda3/lib/python3.9/multiprocessing/synchronize.py", line 110, in __setstate__
    self._semlock = _multiprocessing.SemLock._rebuild(*state)
FileNotFoundError: [Errno 2] No such file or directory
    self._semlock = _multiprocessing.SemLock._rebuild(*state)
FileNotFoundError: [Errno 2] No such file or directory
Traceback (most recent call last):
  File "<string>", line 1, in <module>
  File "/opt/anaconda3/lib/python3.9/multiprocessing/spawn.py", line 116, in spawn_main
    exitcode = _main(fd, parent_sentinel)
  File "/opt/anaconda3/lib/python3.9/multiprocessing/spawn.py", line 126, in _main
    self = reduction.pickle.load(from_parent)
  File "/opt/anaconda3/lib/python3.9/multiprocessing/synchronize.py", line 110, in __setstate__
    self._semlock = _multiprocessing.SemLock._rebuild(*state)
FileNotFoundError: [Errno 2] No such file or directory
Traceback (most recent call last):
  File "<string>", line 1, in <module>
  File "/opt/anaconda3/lib/python3.9/multiprocessing/spawn.py", line 116, in spawn_main
    exitcode = _main(fd, parent_sentinel)
  File "/opt/anaconda3/lib/python3.9/multiprocessing/spawn.py", line 126, in _main
    self = reduction.pickle.load(from_parent)
  File "/opt/anaconda3/lib/python3.9/multiprocessing/synchronize.py", line 110, in __setstate__
    self._semlock = _multiprocessing.SemLock._rebuild(*state)
FileNotFoundError: [Errno 2] No such file or directory
Traceback (most recent call last):
  File "<string>", line 1, in <module>
  File "/opt/anaconda3/lib/python3.9/multiprocessing/spawn.py", line 116, in spawn_main
    exitcode = _main(fd, parent_sentinel)
  File "/opt/anaconda3/lib/python3.9/multiprocessing/spawn.py", line 126, in _main
    self = reduction.pickle.load(from_parent)
  File "/opt/anaconda3/lib/python3.9/multiprocessing/synchronize.py", line 110, in __setstate__
    self._semlock = _multiprocessing.SemLock._rebuild(*state)
FileNotFoundError: [Errno 2] No such file or directory
Traceback (most recent call last):
  File "<string>", line 1, in <module>
  File "/opt/anaconda3/lib/python3.9/multiprocessing/spawn.py", line 116, in spawn_main
    exitcode = _main(fd, parent_sentinel)
  File "/opt/anaconda3/lib/python3.9/multiprocessing/spawn.py", line 126, in _main
    self = reduction.pickle.load(from_parent)
  File "/opt/anaconda3/lib/python3.9/multiprocessing/synchronize.py", line 110, in __setstate__
    self._semlock = _multiprocessing.SemLock._rebuild(*state)
FileNotFoundError: [Errno 2] No such file or directory
Traceback (most recent call last):
  File "<string>", line 1, in <module>
  File "/opt/anaconda3/lib/python3.9/multiprocessing/spawn.py", line 116, in spawn_main
    exitcode = _main(fd, parent_sentinel)
  File "/opt/anaconda3/lib/python3.9/multiprocessing/spawn.py", line 126, in _main
    self = reduction.pickle.load(from_parent)
  File "/opt/anaconda3/lib/python3.9/multiprocessing/synchronize.py", line 110, in __setstate__
    self._semlock = _multiprocessing.SemLock._rebuild(*state)
FileNotFoundError: [Errno 2] No such file or directory
Traceback (most recent call last):
  File "<string>", line 1, in <module>
  File "/opt/anaconda3/lib/python3.9/multiprocessing/spawn.py", line 116, in spawn_main
    exitcode = _main(fd, parent_sentinel)
  File "/opt/anaconda3/lib/python3.9/multiprocessing/spawn.py", line 126, in _main
    self = reduction.pickle.load(from_parent)
  File "/opt/anaconda3/lib/python3.9/multiprocessing/synchronize.py", line 110, in __setstate__
    self._semlock = _multiprocessing.SemLock._rebuild(*state)
FileNotFoundError: [Errno 2] No such file or directory
bash-3.2$ python3 3_procesos.py
Valor inicial del contador 0
hola soy 11053, vuelta: 0, contador: 0
hola soy 11055, vuelta: 0, contador: 0
hola soy 11051, vuelta: 0, contador: 0
hola soy 11056, vuelta: 0, contador: 0
hola soy 11057, vuelta: 0, contador: 0
hola soy 11054, vuelta: 0, contador: 0
hola soy 11052, vuelta: 0, contador: 0
hola soy 11058, vuelta: 0, contador: 0
hola soy 11053, vuelta: 1, contador: 1
hola soy 11055, vuelta: 1, contador: 1
hola soy 11051, vuelta: 1, contador: 1
hola soy 11056, vuelta: 1, contador: 1
hola soy 11057, vuelta: 1, contador: 1
hola soy 11054, vuelta: 1, contador: 1
hola soy 11052, vuelta: 1, contador: 1
hola soy 11058, vuelta: 1, contador: 1
hola soy 11053, vuelta: 2, contador: 2
hola soy 11055, vuelta: 2, contador: 2
hola soy 11051, vuelta: 2, contador: 2
hola soy 11056, vuelta: 2, contador: 2
hola soy 11057, vuelta: 2, contador: 2
hola soy 11054, vuelta: 2, contador: 2
hola soy 11052, vuelta: 2, contador: 2
hola soy 11058, vuelta: 2, contador: 2
hola soy 11055, vuelta: 3, contador: 3
hola soy 11053, vuelta: 3, contador: 3
hola soy 11051, vuelta: 3, contador: 3
hola soy 11057, vuelta: 3, contador: 3
hola soy 11056, vuelta: 3, contador: 3
hola soy 11054, vuelta: 3, contador: 3
hola soy 11052, vuelta: 3, contador: 3
hola soy 11058, vuelta: 3, contador: 3
hola soy 11053, vuelta: 4, contador: 4
hola soy 11055, vuelta: 4, contador: 4
hola soy 11051, vuelta: 4, contador: 4
hola soy 11057, vuelta: 4, contador: 4
hola soy 11056, vuelta: 4, contador: 4
hola soy 11054, vuelta: 4, contador: 4
hola soy 11052, vuelta: 4, contador: 4
hola soy 11058, vuelta: 4, contador: 4
hola soy 11053, vuelta: 5, contador: 5
hola soy 11055, vuelta: 5, contador: 5
hola soy 11051, vuelta: 5, contador: 5
hola soy 11056, vuelta: 5, contador: 5
hola soy 11057, vuelta: 5, contador: 5
hola soy 11054, vuelta: 5, contador: 5
hola soy 11052, vuelta: 5, contador: 5
hola soy 11058, vuelta: 5, contador: 5
hola soy 11055, vuelta: 6, contador: 6
hola soy 11053, vuelta: 6, contador: 6
hola soy 11051, vuelta: 6, contador: 6
hola soy 11056, vuelta: 6, contador: 6
hola soy 11057, vuelta: 6, contador: 6
hola soy 11054, vuelta: 6, contador: 6
hola soy 11052, vuelta: 6, contador: 6
hola soy 11058, vuelta: 6, contador: 6
hola soy 11053, vuelta: 7, contador: 7
hola soy 11055, vuelta: 7, contador: 7
hola soy 11051, vuelta: 7, contador: 7
hola soy 11057, vuelta: 7, contador: 7
hola soy 11056, vuelta: 7, contador: 7
hola soy 11054, vuelta: 7, contador: 7
hola soy 11052, vuelta: 7, contador: 7
hola soy 11058, vuelta: 7, contador: 7
hola soy 11055, vuelta: 8, contador: 8
hola soy 11053, vuelta: 8, contador: 8
hola soy 11051, vuelta: 8, contador: 8
hola soy 11056, vuelta: 8, contador: 8
hola soy 11057, vuelta: 8, contador: 8
hola soy 11054, vuelta: 8, contador: 8
hola soy 11052, vuelta: 8, contador: 8
hola soy 11058, vuelta: 8, contador: 8
hola soy 11055, vuelta: 9, contador: 9
hola soy 11053, vuelta: 9, contador: 9
hola soy 11051, vuelta: 9, contador: 9
hola soy 11057, vuelta: 9, contador: 9
hola soy 11056, vuelta: 9, contador: 9
hola soy 11054, vuelta: 9, contador: 9
hola soy 11052, vuelta: 9, contador: 9
hola soy 11058, vuelta: 9, contador: 9
hola soy 11055, vuelta: 10, contador: 10
hola soy 11053, vuelta: 10, contador: 10
hola soy 11056, vuelta: 10, contador: 10
hola soy 11051, vuelta: 10, contador: 10
hola soy 11057, vuelta: 10, contador: 10
hola soy 11054, vuelta: 10, contador: 10
hola soy 11052, vuelta: 10, contador: 10
hola soy 11058, vuelta: 10, contador: 10
hola soy 11053, vuelta: 11, contador: 11
hola soy 11055, vuelta: 11, contador: 11
hola soy 11056, vuelta: 11, contador: 11
hola soy 11051, vuelta: 11, contador: 11
hola soy 11057, vuelta: 11, contador: 11
hola soy 11054, vuelta: 11, contador: 11
hola soy 11052, vuelta: 11, contador: 11
hola soy 11058, vuelta: 11, contador: 11
hola soy 11053, vuelta: 12, contador: 12
hola soy 11055, vuelta: 12, contador: 12
hola soy 11051, vuelta: 12, contador: 12
hola soy 11057, vuelta: 12, contador: 12
hola soy 11056, vuelta: 12, contador: 12
hola soy 11054, vuelta: 12, contador: 12
hola soy 11052, vuelta: 12, contador: 12
hola soy 11058, vuelta: 12, contador: 12
hola soy 11053, vuelta: 13, contador: 13
hola soy 11055, vuelta: 13, contador: 13
hola soy 11056, vuelta: 13, contador: 13
hola soy 11051, vuelta: 13, contador: 13
hola soy 11057, vuelta: 13, contador: 13
hola soy 11054, vuelta: 13, contador: 13
hola soy 11052, vuelta: 13, contador: 13
hola soy 11058, vuelta: 13, contador: 13
hola soy 11055, vuelta: 14, contador: 14
hola soy 11053, vuelta: 14, contador: 14
hola soy 11056, vuelta: 14, contador: 14
hola soy 11051, vuelta: 14, contador: 14
hola soy 11057, vuelta: 14, contador: 14
hola soy 11054, vuelta: 14, contador: 14
hola soy 11052, vuelta: 14, contador: 14
hola soy 11058, vuelta: 14, contador: 14
hola soy 11055, vuelta: 15, contador: 15
hola soy 11053, vuelta: 15, contador: 15
hola soy 11051, vuelta: 15, contador: 15
hola soy 11056, vuelta: 15, contador: 15
hola soy 11057, vuelta: 15, contador: 15
hola soy 11054, vuelta: 15, contador: 15
hola soy 11052, vuelta: 15, contador: 15
hola soy 11058, vuelta: 15, contador: 15
hola soy 11053, vuelta: 16, contador: 16
hola soy 11055, vuelta: 16, contador: 16
hola soy 11051, vuelta: 16, contador: 16
hola soy 11056, vuelta: 16, contador: 16
hola soy 11057, vuelta: 16, contador: 16
hola soy 11054, vuelta: 16, contador: 16
hola soy 11052, vuelta: 16, contador: 16
hola soy 11058, vuelta: 16, contador: 16
hola soy 11055, vuelta: 17, contador: 17
hola soy 11053, vuelta: 17, contador: 17
hola soy 11057, vuelta: 17, contador: 17
hola soy 11051, vuelta: 17, contador: 17
hola soy 11056, vuelta: 17, contador: 17
hola soy 11054, vuelta: 17, contador: 17
hola soy 11058, vuelta: 17, contador: 17
hola soy 11052, vuelta: 17, contador: 17
hola soy 11053, vuelta: 18, contador: 18
hola soy 11055, vuelta: 18, contador: 18
hola soy 11057, vuelta: 18, contador: 18
hola soy 11056, vuelta: 18, contador: 18
hola soy 11051, vuelta: 18, contador: 18
hola soy 11054, vuelta: 18, contador: 18
hola soy 11058, vuelta: 18, contador: 18
hola soy 11052, vuelta: 18, contador: 18
hola soy 11053, vuelta: 19, contador: 19
hola soy 11055, vuelta: 19, contador: 19
hola soy 11056, vuelta: 19, contador: 19
hola soy 11054, vuelta: 19, contador: 19
hola soy 11051, vuelta: 19, contador: 19
hola soy 11057, vuelta: 19, contador: 19
hola soy 11058, vuelta: 19, contador: 19
hola soy 11052, vuelta: 19, contador: 19
hola soy 11053, vuelta: 20, contador: 20
hola soy 11055, vuelta: 20, contador: 20
hola soy 11056, vuelta: 20, contador: 20
hola soy 11054, vuelta: 20, contador: 20
hola soy 11051, vuelta: 20, contador: 20
hola soy 11057, vuelta: 20, contador: 20
hola soy 11058, vuelta: 20, contador: 20
hola soy 11052, vuelta: 20, contador: 20
hola soy 11055, vuelta: 21, contador: 21
hola soy 11053, vuelta: 21, contador: 21
hola soy 11056, vuelta: 21, contador: 21
hola soy 11054, vuelta: 21, contador: 21
hola soy 11057, vuelta: 21, contador: 21
hola soy 11051, vuelta: 21, contador: 21
hola soy 11058, vuelta: 21, contador: 21
hola soy 11052, vuelta: 21, contador: 21
hola soy 11053, vuelta: 22, contador: 22
hola soy 11055, vuelta: 22, contador: 22
hola soy 11056, vuelta: 22, contador: 22
hola soy 11057, vuelta: 22, contador: 22
hola soy 11054, vuelta: 22, contador: 22
hola soy 11051, vuelta: 22, contador: 22
hola soy 11058, vuelta: 22, contador: 22
hola soy 11052, vuelta: 22, contador: 22
hola soy 11053, vuelta: 23, contador: 23
hola soy 11055, vuelta: 23, contador: 23
hola soy 11056, vuelta: 23, contador: 23
hola soy 11057, vuelta: 23, contador: 23
hola soy 11054, vuelta: 23, contador: 23
hola soy 11051, vuelta: 23, contador: 23
hola soy 11058, vuelta: 23, contador: 23
hola soy 11052, vuelta: 23, contador: 23
hola soy 11053, vuelta: 24, contador: 24
hola soy 11055, vuelta: 24, contador: 24
hola soy 11057, vuelta: 24, contador: 24
hola soy 11056, vuelta: 24, contador: 24
hola soy 11054, vuelta: 24, contador: 24
hola soy 11051, vuelta: 24, contador: 24
hola soy 11058, vuelta: 24, contador: 24
hola soy 11052, vuelta: 24, contador: 24
hola soy 11055, vuelta: 25, contador: 25
hola soy 11053, vuelta: 25, contador: 25
hola soy 11056, vuelta: 25, contador: 25
hola soy 11054, vuelta: 25, contador: 25
hola soy 11051, vuelta: 25, contador: 25
hola soy 11057, vuelta: 25, contador: 25
hola soy 11058, vuelta: 25, contador: 25
hola soy 11052, vuelta: 25, contador: 25
hola soy 11055, vuelta: 26, contador: 26
hola soy 11053, vuelta: 26, contador: 26
hola soy 11051, vuelta: 26, contador: 26
hola soy 11056, vuelta: 26, contador: 26
hola soy 11054, vuelta: 26, contador: 26
hola soy 11057, vuelta: 26, contador: 26
hola soy 11058, vuelta: 26, contador: 26
hola soy 11052, vuelta: 26, contador: 26
hola soy 11053, vuelta: 27, contador: 27
hola soy 11055, vuelta: 27, contador: 27
hola soy 11056, vuelta: 27, contador: 27
hola soy 11054, vuelta: 27, contador: 27
hola soy 11057, vuelta: 27, contador: 27
hola soy 11051, vuelta: 27, contador: 27
hola soy 11058, vuelta: 27, contador: 27
hola soy 11052, vuelta: 27, contador: 27
hola soy 11053, vuelta: 28, contador: 28
hola soy 11055, vuelta: 28, contador: 28
hola soy 11056, vuelta: 28, contador: 28
hola soy 11057, vuelta: 28, contador: 28
hola soy 11054, vuelta: 28, contador: 28
hola soy 11051, vuelta: 28, contador: 28
hola soy 11058, vuelta: 28, contador: 28
hola soy 11052, vuelta: 28, contador: 28
hola soy 11053, vuelta: 29, contador: 29
hola soy 11055, vuelta: 29, contador: 29
hola soy 11056, vuelta: 29, contador: 29
hola soy 11057, vuelta: 29, contador: 29
hola soy 11054, vuelta: 29, contador: 29
hola soy 11051, vuelta: 29, contador: 29
hola soy 11058, vuelta: 29, contador: 29
hola soy 11052, vuelta: 29, contador: 29
hola soy 11053, vuelta: 30, contador: 30
hola soy 11055, vuelta: 30, contador: 30
hola soy 11056, vuelta: 30, contador: 30
hola soy 11057, vuelta: 30, contador: 30
hola soy 11054, vuelta: 30, contador: 30
hola soy 11051, vuelta: 30, contador: 30
hola soy 11058, vuelta: 30, contador: 30
hola soy 11052, vuelta: 30, contador: 30
hola soy 11053, vuelta: 31, contador: 31
hola soy 11055, vuelta: 31, contador: 31
hola soy 11056, vuelta: 31, contador: 31
hola soy 11057, vuelta: 31, contador: 31
hola soy 11054, vuelta: 31, contador: 31
hola soy 11051, vuelta: 31, contador: 31
hola soy 11058, vuelta: 31, contador: 31
hola soy 11052, vuelta: 31, contador: 31
hola soy 11053, vuelta: 32, contador: 32
hola soy 11055, vuelta: 32, contador: 32
hola soy 11057, vuelta: 32, contador: 32
hola soy 11054, vuelta: 32, contador: 32
hola soy 11051, vuelta: 32, contador: 32
hola soy 11056, vuelta: 32, contador: 32
hola soy 11058, vuelta: 32, contador: 32
hola soy 11052, vuelta: 32, contador: 32
hola soy 11055, vuelta: 33, contador: 33
hola soy 11053, vuelta: 33, contador: 33
hola soy 11056, vuelta: 33, contador: 33
hola soy 11051, vuelta: 33, contador: 33
hola soy 11057, vuelta: 33, contador: 33
hola soy 11054, vuelta: 33, contador: 33
hola soy 11058, vuelta: 33, contador: 33
hola soy 11052, vuelta: 33, contador: 33
hola soy 11055, vuelta: 34, contador: 34
hola soy 11053, vuelta: 34, contador: 34
hola soy 11057, vuelta: 34, contador: 34
hola soy 11056, vuelta: 34, contador: 34
hola soy 11051, vuelta: 34, contador: 34
hola soy 11054, vuelta: 34, contador: 34
hola soy 11058, vuelta: 34, contador: 34
hola soy 11052, vuelta: 34, contador: 34
hola soy 11055, vuelta: 35, contador: 35
hola soy 11053, vuelta: 35, contador: 35
hola soy 11057, vuelta: 35, contador: 35
hola soy 11051, vuelta: 35, contador: 35
hola soy 11056, vuelta: 35, contador: 35
hola soy 11054, vuelta: 35, contador: 35
hola soy 11058, vuelta: 35, contador: 35
hola soy 11052, vuelta: 35, contador: 35
hola soy 11053, vuelta: 36, contador: 36
hola soy 11055, vuelta: 36, contador: 36
hola soy 11057, vuelta: 36, contador: 36
hola soy 11051, vuelta: 36, contador: 36
hola soy 11056, vuelta: 36, contador: 36
hola soy 11054, vuelta: 36, contador: 36
hola soy 11058, vuelta: 36, contador: 36
hola soy 11052, vuelta: 36, contador: 36
hola soy 11055, vuelta: 37, contador: 37
hola soy 11053, vuelta: 37, contador: 37
hola soy 11057, vuelta: 37, contador: 37
hola soy 11054, vuelta: 37, contador: 37
hola soy 11056, vuelta: 37, contador: 37
hola soy 11051, vuelta: 37, contador: 37
hola soy 11058, vuelta: 37, contador: 37
hola soy 11052, vuelta: 37, contador: 37
hola soy 11055, vuelta: 38, contador: 38
hola soy 11053, vuelta: 38, contador: 38
hola soy 11056, vuelta: 38, contador: 38
hola soy 11057, vuelta: 38, contador: 38
hola soy 11054, vuelta: 38, contador: 38
hola soy 11051, vuelta: 38, contador: 38
hola soy 11058, vuelta: 38, contador: 38
hola soy 11052, vuelta: 38, contador: 38
hola soy 11053, vuelta: 39, contador: 39
hola soy 11055, vuelta: 39, contador: 39
hola soy 11057, vuelta: 39, contador: 39
hola soy 11056, vuelta: 39, contador: 39
hola soy 11051, vuelta: 39, contador: 39
hola soy 11054, vuelta: 39, contador: 39
hola soy 11058, vuelta: 39, contador: 39
hola soy 11052, vuelta: 39, contador: 39
hola soy 11053, vuelta: 40, contador: 40
hola soy 11055, vuelta: 40, contador: 40
hola soy 11057, vuelta: 40, contador: 40
hola soy 11051, vuelta: 40, contador: 40
hola soy 11056, vuelta: 40, contador: 40
hola soy 11054, vuelta: 40, contador: 40
hola soy 11058, vuelta: 40, contador: 40
hola soy 11052, vuelta: 40, contador: 40
hola soy 11053, vuelta: 41, contador: 41
hola soy 11055, vuelta: 41, contador: 41
hola soy 11057, vuelta: 41, contador: 41
hola soy 11056, vuelta: 41, contador: 41
hola soy 11051, vuelta: 41, contador: 41
hola soy 11054, vuelta: 41, contador: 41
hola soy 11052, vuelta: 41, contador: 41
hola soy 11058, vuelta: 41, contador: 41
hola soy 11053, vuelta: 42, contador: 42
hola soy 11055, vuelta: 42, contador: 42
hola soy 11057, vuelta: 42, contador: 42
hola soy 11051, vuelta: 42, contador: 42
hola soy 11056, vuelta: 42, contador: 42
hola soy 11054, vuelta: 42, contador: 42
hola soy 11052, vuelta: 42, contador: 42
hola soy 11058, vuelta: 42, contador: 42
hola soy 11053, vuelta: 43, contador: 43
hola soy 11055, vuelta: 43, contador: 43
hola soy 11051, vuelta: 43, contador: 43
hola soy 11057, vuelta: 43, contador: 43
hola soy 11056, vuelta: 43, contador: 43
hola soy 11054, vuelta: 43, contador: 43
hola soy 11058, vuelta: 43, contador: 43
hola soy 11052, vuelta: 43, contador: 43
hola soy 11053, vuelta: 44, contador: 44
hola soy 11055, vuelta: 44, contador: 44
hola soy 11051, vuelta: 44, contador: 44
hola soy 11057, vuelta: 44, contador: 44
hola soy 11056, vuelta: 44, contador: 44
hola soy 11054, vuelta: 44, contador: 44
hola soy 11058, vuelta: 44, contador: 44
hola soy 11052, vuelta: 44, contador: 44
hola soy 11055, vuelta: 45, contador: 45
hola soy 11053, vuelta: 45, contador: 45
hola soy 11051, vuelta: 45, contador: 45
hola soy 11057, vuelta: 45, contador: 45
hola soy 11056, vuelta: 45, contador: 45
hola soy 11054, vuelta: 45, contador: 45
hola soy 11058, vuelta: 45, contador: 45
hola soy 11052, vuelta: 45, contador: 45
hola soy 11053, vuelta: 46, contador: 46
hola soy 11055, vuelta: 46, contador: 46
hola soy 11051, vuelta: 46, contador: 46
hola soy 11057, vuelta: 46, contador: 46
hola soy 11056, vuelta: 46, contador: 46
hola soy 11054, vuelta: 46, contador: 46
hola soy 11052, vuelta: 46, contador: 46
hola soy 11058, vuelta: 46, contador: 46
hola soy 11053, vuelta: 47, contador: 47
hola soy 11055, vuelta: 47, contador: 47
hola soy 11051, vuelta: 47, contador: 47
hola soy 11056, vuelta: 47, contador: 47
hola soy 11054, vuelta: 47, contador: 47
hola soy 11057, vuelta: 47, contador: 47
hola soy 11058, vuelta: 47, contador: 47
hola soy 11052, vuelta: 47, contador: 47
hola soy 11053, vuelta: 48, contador: 48
hola soy 11055, vuelta: 48, contador: 48
hola soy 11051, vuelta: 48, contador: 48
hola soy 11054, vuelta: 48, contador: 48
hola soy 11057, vuelta: 48, contador: 48
hola soy 11056, vuelta: 48, contador: 48
hola soy 11058, vuelta: 48, contador: 48
hola soy 11052, vuelta: 48, contador: 48
hola soy 11053, vuelta: 49, contador: 49
hola soy 11055, vuelta: 49, contador: 49
hola soy 11051, vuelta: 49, contador: 49
hola soy 11057, vuelta: 49, contador: 49
hola soy 11054, vuelta: 49, contador: 49
hola soy 11056, vuelta: 49, contador: 49
hola soy 11058, vuelta: 49, contador: 49
hola soy 11052, vuelta: 49, contador: 49
hola soy 11055, vuelta: 50, contador: 50
hola soy 11053, vuelta: 50, contador: 50
hola soy 11051, vuelta: 50, contador: 50
hola soy 11057, vuelta: 50, contador: 50
hola soy 11054, vuelta: 50, contador: 50
hola soy 11056, vuelta: 50, contador: 50
hola soy 11058, vuelta: 50, contador: 50
hola soy 11052, vuelta: 50, contador: 50
hola soy 11053, vuelta: 51, contador: 51
hola soy 11055, vuelta: 51, contador: 51
hola soy 11051, vuelta: 51, contador: 51
hola soy 11054, vuelta: 51, contador: 51
hola soy 11057, vuelta: 51, contador: 51
hola soy 11056, vuelta: 51, contador: 51
hola soy 11052, vuelta: 51, contador: 51
hola soy 11058, vuelta: 51, contador: 51
hola soy 11055, vuelta: 52, contador: 52
hola soy 11053, vuelta: 52, contador: 52
hola soy 11051, vuelta: 52, contador: 52
hola soy 11057, vuelta: 52, contador: 52
hola soy 11056, vuelta: 52, contador: 52
hola soy 11054, vuelta: 52, contador: 52
hola soy 11052, vuelta: 52, contador: 52
hola soy 11058, vuelta: 52, contador: 52
hola soy 11055, vuelta: 53, contador: 53
hola soy 11053, vuelta: 53, contador: 53
hola soy 11051, vuelta: 53, contador: 53
hola soy 11057, vuelta: 53, contador: 53
hola soy 11054, vuelta: 53, contador: 53
hola soy 11052, vuelta: 53, contador: 53
hola soy 11058, vuelta: 53, contador: 53
hola soy 11056, vuelta: 53, contador: 53
hola soy 11053, vuelta: 54, contador: 54
hola soy 11055, vuelta: 54, contador: 54
hola soy 11051, vuelta: 54, contador: 54
hola soy 11057, vuelta: 54, contador: 54
hola soy 11054, vuelta: 54, contador: 54
hola soy 11052, vuelta: 54, contador: 54
hola soy 11058, vuelta: 54, contador: 54
hola soy 11056, vuelta: 54, contador: 54
hola soy 11055, vuelta: 55, contador: 55
hola soy 11053, vuelta: 55, contador: 55
hola soy 11051, vuelta: 55, contador: 55
hola soy 11057, vuelta: 55, contador: 55
hola soy 11054, vuelta: 55, contador: 55
hola soy 11052, vuelta: 55, contador: 55
hola soy 11056, vuelta: 55, contador: 55
hola soy 11058, vuelta: 55, contador: 55
hola soy 11053, vuelta: 56, contador: 56
hola soy 11055, vuelta: 56, contador: 56
hola soy 11051, vuelta: 56, contador: 56
hola soy 11057, vuelta: 56, contador: 56
hola soy 11052, vuelta: 56, contador: 56
hola soy 11054, vuelta: 56, contador: 56
hola soy 11056, vuelta: 56, contador: 56
hola soy 11058, vuelta: 56, contador: 56
hola soy 11053, vuelta: 57, contador: 57
hola soy 11055, vuelta: 57, contador: 57
hola soy 11051, vuelta: 57, contador: 57
hola soy 11057, vuelta: 57, contador: 57
hola soy 11052, vuelta: 57, contador: 57
hola soy 11054, vuelta: 57, contador: 57
hola soy 11056, vuelta: 57, contador: 57
hola soy 11058, vuelta: 57, contador: 57
hola soy 11053, vuelta: 58, contador: 58
hola soy 11055, vuelta: 58, contador: 58
hola soy 11051, vuelta: 58, contador: 58
hola soy 11054, vuelta: 58, contador: 58
hola soy 11052, vuelta: 58, contador: 58
hola soy 11057, vuelta: 58, contador: 58
hola soy 11058, vuelta: 58, contador: 58
hola soy 11056, vuelta: 58, contador: 58
hola soy 11053, vuelta: 59, contador: 59
hola soy 11055, vuelta: 59, contador: 59
hola soy 11051, vuelta: 59, contador: 59
hola soy 11052, vuelta: 59, contador: 59
hola soy 11054, vuelta: 59, contador: 59
hola soy 11057, vuelta: 59, contador: 59
hola soy 11058, vuelta: 59, contador: 59
hola soy 11056, vuelta: 59, contador: 59
hola soy 11055, vuelta: 60, contador: 60
hola soy 11053, vuelta: 60, contador: 60
hola soy 11051, vuelta: 60, contador: 60
hola soy 11052, vuelta: 60, contador: 60
hola soy 11054, vuelta: 60, contador: 60
hola soy 11057, vuelta: 60, contador: 60
hola soy 11058, vuelta: 60, contador: 60
hola soy 11056, vuelta: 60, contador: 60
hola soy 11055, vuelta: 61, contador: 61
hola soy 11053, vuelta: 61, contador: 61
hola soy 11051, vuelta: 61, contador: 61
hola soy 11052, vuelta: 61, contador: 61
hola soy 11054, vuelta: 61, contador: 61
hola soy 11057, vuelta: 61, contador: 61
hola soy 11056, vuelta: 61, contador: 61
hola soy 11058, vuelta: 61, contador: 61
hola soy 11053, vuelta: 62, contador: 62
hola soy 11055, vuelta: 62, contador: 62
hola soy 11051, vuelta: 62, contador: 62
hola soy 11054, vuelta: 62, contador: 62
hola soy 11057, vuelta: 62, contador: 62
hola soy 11056, vuelta: 62, contador: 62
hola soy 11052, vuelta: 62, contador: 62
hola soy 11058, vuelta: 62, contador: 62
hola soy 11053, vuelta: 63, contador: 63
hola soy 11055, vuelta: 63, contador: 63
hola soy 11051, vuelta: 63, contador: 63
hola soy 11054, vuelta: 63, contador: 63
hola soy 11056, vuelta: 63, contador: 63
hola soy 11058, vuelta: 63, contador: 63
hola soy 11057, vuelta: 63, contador: 63
hola soy 11052, vuelta: 63, contador: 63
hola soy 11053, vuelta: 64, contador: 64
hola soy 11055, vuelta: 64, contador: 64
hola soy 11051, vuelta: 64, contador: 64
hola soy 11054, vuelta: 64, contador: 64
hola soy 11056, vuelta: 64, contador: 64
hola soy 11058, vuelta: 64, contador: 64
hola soy 11057, vuelta: 64, contador: 64
hola soy 11052, vuelta: 64, contador: 64
hola soy 11053, vuelta: 65, contador: 65
hola soy 11055, vuelta: 65, contador: 65
hola soy 11051, vuelta: 65, contador: 65
hola soy 11058, vuelta: 65, contador: 65
hola soy 11056, vuelta: 65, contador: 65
hola soy 11054, vuelta: 65, contador: 65
hola soy 11052, vuelta: 65, contador: 65
hola soy 11057, vuelta: 65, contador: 65
hola soy 11053, vuelta: 66, contador: 66
hola soy 11055, vuelta: 66, contador: 66
hola soy 11051, vuelta: 66, contador: 66
hola soy 11058, vuelta: 66, contador: 66
hola soy 11054, vuelta: 66, contador: 66
hola soy 11057, vuelta: 66, contador: 66
hola soy 11056, vuelta: 66, contador: 66
hola soy 11052, vuelta: 66, contador: 66
hola soy 11055, vuelta: 67, contador: 67
hola soy 11053, vuelta: 67, contador: 67
hola soy 11051, vuelta: 67, contador: 67
hola soy 11058, vuelta: 67, contador: 67
hola soy 11054, vuelta: 67, contador: 67
hola soy 11057, vuelta: 67, contador: 67
hola soy 11056, vuelta: 67, contador: 67
hola soy 11052, vuelta: 67, contador: 67
hola soy 11053, vuelta: 68, contador: 68
hola soy 11055, vuelta: 68, contador: 68
hola soy 11051, vuelta: 68, contador: 68
hola soy 11058, vuelta: 68, contador: 68
hola soy 11054, vuelta: 68, contador: 68
hola soy 11056, vuelta: 68, contador: 68
hola soy 11057, vuelta: 68, contador: 68
hola soy 11052, vuelta: 68, contador: 68
hola soy 11053, vuelta: 69, contador: 69
hola soy 11055, vuelta: 69, contador: 69
hola soy 11051, vuelta: 69, contador: 69
hola soy 11058, vuelta: 69, contador: 69
hola soy 11054, vuelta: 69, contador: 69
hola soy 11056, vuelta: 69, contador: 69
hola soy 11057, vuelta: 69, contador: 69
hola soy 11052, vuelta: 69, contador: 69
hola soy 11053, vuelta: 70, contador: 70
hola soy 11055, vuelta: 70, contador: 70
hola soy 11051, vuelta: 70, contador: 70
hola soy 11058, vuelta: 70, contador: 70
hola soy 11054, vuelta: 70, contador: 70
hola soy 11057, vuelta: 70, contador: 70
hola soy 11056, vuelta: 70, contador: 70
hola soy 11052, vuelta: 70, contador: 70
hola soy 11053, vuelta: 71, contador: 71
hola soy 11055, vuelta: 71, contador: 71
hola soy 11051, vuelta: 71, contador: 71
hola soy 11056, vuelta: 71, contador: 71
hola soy 11054, vuelta: 71, contador: 71
hola soy 11052, vuelta: 71, contador: 71
hola soy 11057, vuelta: 71, contador: 71
hola soy 11058, vuelta: 71, contador: 71
hola soy 11053, vuelta: 72, contador: 72
hola soy 11055, vuelta: 72, contador: 72
hola soy 11051, vuelta: 72, contador: 72
hola soy 11056, vuelta: 72, contador: 72
hola soy 11054, vuelta: 72, contador: 72
hola soy 11052, vuelta: 72, contador: 72
hola soy 11057, vuelta: 72, contador: 72
hola soy 11058, vuelta: 72, contador: 72
hola soy 11053, vuelta: 73, contador: 73
hola soy 11055, vuelta: 73, contador: 73
hola soy 11051, vuelta: 73, contador: 73
hola soy 11056, vuelta: 73, contador: 73
hola soy 11054, vuelta: 73, contador: 73
hola soy 11052, vuelta: 73, contador: 73
hola soy 11058, vuelta: 73, contador: 73
hola soy 11057, vuelta: 73, contador: 73
hola soy 11053, vuelta: 74, contador: 74
hola soy 11055, vuelta: 74, contador: 74
hola soy 11051, vuelta: 74, contador: 74
hola soy 11054, vuelta: 74, contador: 74
hola soy 11056, vuelta: 74, contador: 74
hola soy 11052, vuelta: 74, contador: 74
hola soy 11058, vuelta: 74, contador: 74
hola soy 11057, vuelta: 74, contador: 74
hola soy 11053, vuelta: 75, contador: 75
hola soy 11055, vuelta: 75, contador: 75
hola soy 11051, vuelta: 75, contador: 75
hola soy 11056, vuelta: 75, contador: 75
hola soy 11052, vuelta: 75, contador: 75
hola soy 11058, vuelta: 75, contador: 75
hola soy 11054, vuelta: 75, contador: 75
hola soy 11057, vuelta: 75, contador: 75
hola soy 11053, vuelta: 76, contador: 76
hola soy 11055, vuelta: 76, contador: 76
hola soy 11051, vuelta: 76, contador: 76
hola soy 11056, vuelta: 76, contador: 76
hola soy 11058, vuelta: 76, contador: 76
hola soy 11052, vuelta: 76, contador: 76
hola soy 11054, vuelta: 76, contador: 76
hola soy 11057, vuelta: 76, contador: 76
hola soy 11053, vuelta: 77, contador: 77
hola soy 11055, vuelta: 77, contador: 77
hola soy 11051, vuelta: 77, contador: 77
hola soy 11056, vuelta: 77, contador: 77
hola soy 11052, vuelta: 77, contador: 77
hola soy 11054, vuelta: 77, contador: 77
hola soy 11057, vuelta: 77, contador: 77
hola soy 11058, vuelta: 77, contador: 77
hola soy 11053, vuelta: 78, contador: 78
hola soy 11055, vuelta: 78, contador: 78
hola soy 11051, vuelta: 78, contador: 78
hola soy 11056, vuelta: 78, contador: 78
hola soy 11052, vuelta: 78, contador: 78
hola soy 11054, vuelta: 78, contador: 78
hola soy 11057, vuelta: 78, contador: 78
hola soy 11058, vuelta: 78, contador: 78
hola soy 11053, vuelta: 79, contador: 79
hola soy 11055, vuelta: 79, contador: 79
hola soy 11051, vuelta: 79, contador: 79
hola soy 11056, vuelta: 79, contador: 79
hola soy 11054, vuelta: 79, contador: 79
hola soy 11052, vuelta: 79, contador: 79
hola soy 11057, vuelta: 79, contador: 79
hola soy 11058, vuelta: 79, contador: 79
hola soy 11055, vuelta: 80, contador: 80
hola soy 11053, vuelta: 80, contador: 80
hola soy 11051, vuelta: 80, contador: 80
hola soy 11056, vuelta: 80, contador: 80
hola soy 11054, vuelta: 80, contador: 80
hola soy 11052, vuelta: 80, contador: 80
hola soy 11057, vuelta: 80, contador: 80
hola soy 11058, vuelta: 80, contador: 80
hola soy 11053, vuelta: 81, contador: 81
hola soy 11055, vuelta: 81, contador: 81
hola soy 11051, vuelta: 81, contador: 81
hola soy 11052, vuelta: 81, contador: 81
hola soy 11056, vuelta: 81, contador: 81
hola soy 11057, vuelta: 81, contador: 81
hola soy 11058, vuelta: 81, contador: 81
hola soy 11054, vuelta: 81, contador: 81
hola soy 11055, vuelta: 82, contador: 82
hola soy 11053, vuelta: 82, contador: 82
hola soy 11051, vuelta: 82, contador: 82
hola soy 11054, vuelta: 82, contador: 82
hola soy 11056, vuelta: 82, contador: 82
hola soy 11052, vuelta: 82, contador: 82
hola soy 11057, vuelta: 82, contador: 82
hola soy 11058, vuelta: 82, contador: 82
hola soy 11053, vuelta: 83, contador: 83
hola soy 11055, vuelta: 83, contador: 83
hola soy 11051, vuelta: 83, contador: 83
hola soy 11054, vuelta: 83, contador: 83
hola soy 11057, vuelta: 83, contador: 83
hola soy 11058, vuelta: 83, contador: 83
hola soy 11052, vuelta: 83, contador: 83
hola soy 11056, vuelta: 83, contador: 83
hola soy 11053, vuelta: 84, contador: 84
hola soy 11055, vuelta: 84, contador: 84
hola soy 11051, vuelta: 84, contador: 84
hola soy 11054, vuelta: 84, contador: 84
hola soy 11052, vuelta: 84, contador: 84
hola soy 11057, vuelta: 84, contador: 84
hola soy 11056, vuelta: 84, contador: 84
hola soy 11058, vuelta: 84, contador: 84
hola soy 11053, vuelta: 85, contador: 85
hola soy 11055, vuelta: 85, contador: 85
hola soy 11051, vuelta: 85, contador: 85
hola soy 11054, vuelta: 85, contador: 85
hola soy 11056, vuelta: 85, contador: 85
hola soy 11057, vuelta: 85, contador: 85
hola soy 11052, vuelta: 85, contador: 85
hola soy 11058, vuelta: 85, contador: 85
hola soy 11055, vuelta: 86, contador: 86
hola soy 11053, vuelta: 86, contador: 86
hola soy 11051, vuelta: 86, contador: 86
hola soy 11054, vuelta: 86, contador: 86
hola soy 11057, vuelta: 86, contador: 86
hola soy 11056, vuelta: 86, contador: 86
hola soy 11052, vuelta: 86, contador: 86
hola soy 11058, vuelta: 86, contador: 86
hola soy 11055, vuelta: 87, contador: 87
hola soy 11053, vuelta: 87, contador: 87
hola soy 11051, vuelta: 87, contador: 87
hola soy 11054, vuelta: 87, contador: 87
hola soy 11056, vuelta: 87, contador: 87
hola soy 11057, vuelta: 87, contador: 87
hola soy 11058, vuelta: 87, contador: 87
hola soy 11052, vuelta: 87, contador: 87
hola soy 11053, vuelta: 88, contador: 88
hola soy 11055, vuelta: 88, contador: 88
hola soy 11051, vuelta: 88, contador: 88
hola soy 11054, vuelta: 88, contador: 88
hola soy 11056, vuelta: 88, contador: 88
hola soy 11057, vuelta: 88, contador: 88
hola soy 11058, vuelta: 88, contador: 88
hola soy 11052, vuelta: 88, contador: 88
hola soy 11055, vuelta: 89, contador: 89
hola soy 11053, vuelta: 89, contador: 89
hola soy 11051, vuelta: 89, contador: 89
hola soy 11054, vuelta: 89, contador: 89
hola soy 11056, vuelta: 89, contador: 89
hola soy 11058, vuelta: 89, contador: 89
hola soy 11052, vuelta: 89, contador: 89
hola soy 11057, vuelta: 89, contador: 89
hola soy 11053, vuelta: 90, contador: 90
hola soy 11055, vuelta: 90, contador: 90
hola soy 11051, vuelta: 90, contador: 90
hola soy 11054, vuelta: 90, contador: 90
hola soy 11057, vuelta: 90, contador: 90
hola soy 11056, vuelta: 90, contador: 90
hola soy 11052, vuelta: 90, contador: 90
hola soy 11058, vuelta: 90, contador: 90
hola soy 11053, vuelta: 91, contador: 91
hola soy 11055, vuelta: 91, contador: 91
hola soy 11051, vuelta: 91, contador: 91
hola soy 11054, vuelta: 91, contador: 91
hola soy 11056, vuelta: 91, contador: 91
hola soy 11057, vuelta: 91, contador: 91
hola soy 11052, vuelta: 91, contador: 91
hola soy 11058, vuelta: 91, contador: 91
hola soy 11055, vuelta: 92, contador: 92
hola soy 11053, vuelta: 92, contador: 92
hola soy 11051, vuelta: 92, contador: 92
hola soy 11054, vuelta: 92, contador: 92
hola soy 11052, vuelta: 92, contador: 92
hola soy 11056, vuelta: 92, contador: 92
hola soy 11057, vuelta: 92, contador: 92
hola soy 11058, vuelta: 92, contador: 92
hola soy 11053, vuelta: 93, contador: 93
hola soy 11055, vuelta: 93, contador: 93
hola soy 11051, vuelta: 93, contador: 93
hola soy 11054, vuelta: 93, contador: 93
hola soy 11056, vuelta: 93, contador: 93
hola soy 11052, vuelta: 93, contador: 93
hola soy 11058, vuelta: 93, contador: 93
hola soy 11057, vuelta: 93, contador: 93
hola soy 11053, vuelta: 94, contador: 94
hola soy 11055, vuelta: 94, contador: 94
hola soy 11051, vuelta: 94, contador: 94
hola soy 11054, vuelta: 94, contador: 94
hola soy 11056, vuelta: 94, contador: 94
hola soy 11052, vuelta: 94, contador: 94
hola soy 11058, vuelta: 94, contador: 94
hola soy 11057, vuelta: 94, contador: 94
hola soy 11053, vuelta: 95, contador: 95
hola soy 11055, vuelta: 95, contador: 95
hola soy 11051, vuelta: 95, contador: 95
hola soy 11054, vuelta: 95, contador: 95
hola soy 11058, vuelta: 95, contador: 95
hola soy 11057, vuelta: 95, contador: 95
hola soy 11056, vuelta: 95, contador: 95
hola soy 11052, vuelta: 95, contador: 95
hola soy 11053, vuelta: 96, contador: 96
hola soy 11055, vuelta: 96, contador: 96
hola soy 11051, vuelta: 96, contador: 96
hola soy 11054, vuelta: 96, contador: 96
hola soy 11056, vuelta: 96, contador: 96
hola soy 11057, vuelta: 96, contador: 96
hola soy 11052, vuelta: 96, contador: 96
hola soy 11058, vuelta: 96, contador: 96
hola soy 11053, vuelta: 97, contador: 97
hola soy 11055, vuelta: 97, contador: 97
hola soy 11051, vuelta: 97, contador: 97
hola soy 11054, vuelta: 97, contador: 97
hola soy 11057, vuelta: 97, contador: 97
hola soy 11058, vuelta: 97, contador: 97
hola soy 11052, vuelta: 97, contador: 97
hola soy 11056, vuelta: 97, contador: 97
hola soy 11053, vuelta: 98, contador: 98
hola soy 11055, vuelta: 98, contador: 98
hola soy 11051, vuelta: 98, contador: 98
hola soy 11054, vuelta: 98, contador: 98
hola soy 11052, vuelta: 98, contador: 98
hola soy 11058, vuelta: 98, contador: 98
hola soy 11056, vuelta: 98, contador: 98
hola soy 11057, vuelta: 98, contador: 98
hola soy 11053, vuelta: 99, contador: 99
hola soy 11055, vuelta: 99, contador: 99
hola soy 11051, vuelta: 99, contador: 99
hola soy 11054, vuelta: 99, contador: 99
hola soy 11052, vuelta: 99, contador: 99
hola soy 11056, vuelta: 99, contador: 99
hola soy 11058, vuelta: 99, contador: 99
hola soy 11057, vuelta: 99, contador: 99
bash-3.2$ python3 3_procesos.py[1P_procesos.py4_procesos.py
  File "/Users/hanjiezhu/practica1/4_procesos.py", line 15
    c = Value(â€™iâ€™, 0)
              ^
SyntaxError: invalid character 'â€™' (U+2019)
bash-3.2$ python3 4_procesos.py
Valor inicial del contador 0
hola soy 11108, vuelta: 0, contador: 1
hola soy 11108, vuelta: 1, contador: 2
hola soy 11108, vuelta: 2, contador: 3
hola soy 11108, vuelta: 3, contador: 4
hola soy 11108, vuelta: 4, contador: 5
hola soy 11108, vuelta: 5, contador: 6
hola soy 11108, vuelta: 6, contador: 7
hola soy 11108, vuelta: 7, contador: 8
hola soy 11108, vuelta: 8, contador: 9
hola soy 11108, vuelta: 9, contador: 10
hola soy 11108, vuelta: 10, contador: 11
hola soy 11108, vuelta: 11, contador: 12
hola soy 11108, vuelta: 12, contador: 13
hola soy 11108, vuelta: 13, contador: 14
hola soy 11108, vuelta: 14, contador: 15
hola soy 11108, vuelta: 15, contador: 16
hola soy 11108, vuelta: 16, contador: 17
hola soy 11108, vuelta: 17, contador: 18
hola soy 11108, vuelta: 18, contador: 19
hola soy 11108, vuelta: 19, contador: 20
hola soy 11108, vuelta: 20, contador: 21
hola soy 11108, vuelta: 21, contador: 22
hola soy 11108, vuelta: 22, contador: 23
hola soy 11108, vuelta: 23, contador: 24
hola soy 11108, vuelta: 24, contador: 25
hola soy 11108, vuelta: 25, contador: 26
hola soy 11108, vuelta: 26, contador: 27
hola soy 11108, vuelta: 27, contador: 28
hola soy 11108, vuelta: 28, contador: 29
hola soy 11108, vuelta: 29, contador: 30
hola soy 11108, vuelta: 30, contador: 31
hola soy 11108, vuelta: 31, contador: 32
hola soy 11108, vuelta: 32, contador: 33
hola soy 11108, vuelta: 33, contador: 34
hola soy 11108, vuelta: 34, contador: 35
hola soy 11108, vuelta: 35, contador: 36
hola soy 11108, vuelta: 36, contador: 37
hola soy 11108, vuelta: 37, contador: 38
hola soy 11108, vuelta: 38, contador: 39
hola soy 11108, vuelta: 39, contador: 40
hola soy 11108, vuelta: 40, contador: 41
hola soy 11108, vuelta: 41, contador: 42
hola soy 11108, vuelta: 42, contador: 43
hola soy 11108, vuelta: 43, contador: 44
hola soy 11108, vuelta: 44, contador: 45
hola soy 11108, vuelta: 45, contador: 46
hola soy 11108, vuelta: 46, contador: 47
hola soy 11108, vuelta: 47, contador: 48
hola soy 11108, vuelta: 48, contador: 49
hola soy 11108, vuelta: 49, contador: 50
hola soy 11108, vuelta: 50, contador: 51
hola soy 11108, vuelta: 51, contador: 52
hola soy 11108, vuelta: 52, contador: 53
hola soy 11108, vuelta: 53, contador: 54
hola soy 11108, vuelta: 54, contador: 55
hola soy 11108, vuelta: 55, contador: 56
hola soy 11108, vuelta: 56, contador: 57
hola soy 11108, vuelta: 57, contador: 58
hola soy 11108, vuelta: 58, contador: 59
hola soy 11108, vuelta: 59, contador: 60
hola soy 11108, vuelta: 60, contador: 61
hola soy 11108, vuelta: 61, contador: 62
hola soy 11108, vuelta: 62, contador: 63
hola soy 11108, vuelta: 63, contador: 64
hola soy 11108, vuelta: 64, contador: 65
hola soy 11108, vuelta: 65, contador: 66
hola soy 11108, vuelta: 66, contador: 67
hola soy 11108, vuelta: 67, contador: 68
hola soy 11108, vuelta: 68, contador: 69
hola soy 11108, vuelta: 69, contador: 70
hola soy 11108, vuelta: 70, contador: 71
hola soy 11108, vuelta: 71, contador: 72
hola soy 11108, vuelta: 72, contador: 73
hola soy 11108, vuelta: 73, contador: 74
hola soy 11108, vuelta: 74, contador: 75
hola soy 11108, vuelta: 75, contador: 76
hola soy 11108, vuelta: 76, contador: 77
hola soy 11108, vuelta: 77, contador: 78
hola soy 11108, vuelta: 78, contador: 79
hola soy 11108, vuelta: 79, contador: 80
hola soy 11108, vuelta: 80, contador: 81
hola soy 11108, vuelta: 81, contador: 82
hola soy 11108, vuelta: 82, contador: 83
hola soy 11108, vuelta: 83, contador: 84
hola soy 11108, vuelta: 84, contador: 85
hola soy 11108, vuelta: 85, contador: 86
hola soy 11108, vuelta: 86, contador: 87
hola soy 11108, vuelta: 87, contador: 88
hola soy 11108, vuelta: 88, contador: 89
hola soy 11108, vuelta: 89, contador: 90
hola soy 11108, vuelta: 90, contador: 91
hola soy 11108, vuelta: 91, contador: 92
hola soy 11108, vuelta: 92, contador: 93
hola soy 11108, vuelta: 93, contador: 94
hola soy 11108, vuelta: 94, contador: 95
hola soy 11108, vuelta: 95, contador: 96
hola soy 11108, vuelta: 96, contador: 97
hola soy 11108, vuelta: 97, contador: 98
hola soy 11108, vuelta: 98, contador: 99
hola soy 11108, vuelta: 99, contador: 100
hola soy 11110, vuelta: 0, contador: 101
hola soy 11110, vuelta: 1, contador: 102
hola soy 11110, vuelta: 2, contador: 103
hola soy 11110, vuelta: 3, contador: 104
hola soy 11110, vuelta: 4, contador: 105
hola soy 11110, vuelta: 5, contador: 106
hola soy 11110, vuelta: 6, contador: 107
hola soy 11110, vuelta: 7, contador: 108
hola soy 11110, vuelta: 8, contador: 109
hola soy 11110, vuelta: 9, contador: 110
hola soy 11110, vuelta: 10, contador: 111
hola soy 11110, vuelta: 11, contador: 112
hola soy 11110, vuelta: 12, contador: 113
hola soy 11110, vuelta: 13, contador: 114
hola soy 11110, vuelta: 14, contador: 115
hola soy 11110, vuelta: 15, contador: 116
hola soy 11110, vuelta: 16, contador: 117
hola soy 11110, vuelta: 17, contador: 118
hola soy 11110, vuelta: 18, contador: 119
hola soy 11110, vuelta: 19, contador: 120
hola soy 11110, vuelta: 20, contador: 121
hola soy 11110, vuelta: 21, contador: 122
hola soy 11110, vuelta: 22, contador: 123
hola soy 11110, vuelta: 23, contador: 124
hola soy 11110, vuelta: 24, contador: 125
hola soy 11110, vuelta: 25, contador: 126
hola soy 11110, vuelta: 26, contador: 127
hola soy 11110, vuelta: 27, contador: 128
hola soy 11110, vuelta: 28, contador: 129
hola soy 11110, vuelta: 29, contador: 130
hola soy 11110, vuelta: 30, contador: 131
hola soy 11110, vuelta: 31, contador: 132
hola soy 11110, vuelta: 32, contador: 133
hola soy 11110, vuelta: 33, contador: 134
hola soy 11110, vuelta: 34, contador: 135
hola soy 11110, vuelta: 35, contador: 136
hola soy 11110, vuelta: 36, contador: 137
hola soy 11110, vuelta: 37, contador: 138
hola soy 11110, vuelta: 38, contador: 139
hola soy 11110, vuelta: 39, contador: 140
hola soy 11110, vuelta: 40, contador: 141
hola soy 11110, vuelta: 41, contador: 142
hola soy 11110, vuelta: 42, contador: 143
hola soy 11110, vuelta: 43, contador: 144
hola soy 11110, vuelta: 44, contador: 145
hola soy 11110, vuelta: 45, contador: 146
hola soy 11110, vuelta: 46, contador: 147
hola soy 11110, vuelta: 47, contador: 148
hola soy 11110, vuelta: 48, contador: 149
hola soy 11110, vuelta: 49, contador: 150
hola soy 11110, vuelta: 50, contador: 151
hola soy 11110, vuelta: 51, contador: 152
hola soy 11110, vuelta: 52, contador: 153
hola soy 11110, vuelta: 53, contador: 154
hola soy 11110, vuelta: 54, contador: 155
hola soy 11110, vuelta: 55, contador: 156
hola soy 11110, vuelta: 56, contador: 157
hola soy 11110, vuelta: 57, contador: 158
hola soy 11110, vuelta: 58, contador: 159
hola soy 11110, vuelta: 59, contador: 160
hola soy 11110, vuelta: 60, contador: 161
hola soy 11110, vuelta: 61, contador: 162
hola soy 11110, vuelta: 62, contador: 163
hola soy 11110, vuelta: 63, contador: 164
hola soy 11110, vuelta: 64, contador: 165
hola soy 11110, vuelta: 65, contador: 166
hola soy 11110, vuelta: 66, contador: 167
hola soy 11110, vuelta: 67, contador: 168
hola soy 11110, vuelta: 68, contador: 169
hola soy 11110, vuelta: 69, contador: 170
hola soy 11110, vuelta: 70, contador: 171
hola soy 11110, vuelta: 71, contador: 172
hola soy 11110, vuelta: 72, contador: 173
hola soy 11110, vuelta: 73, contador: 174
hola soy 11110, vuelta: 74, contador: 175
hola soy 11110, vuelta: 75, contador: 176
hola soy 11110, vuelta: 76, contador: 177
hola soy 11110, vuelta: 77, contador: 178
hola soy 11110, vuelta: 78, contador: 179
hola soy 11110, vuelta: 79, contador: 180
hola soy 11110, vuelta: 80, contador: 181
hola soy 11110, vuelta: 81, contador: 182
hola soy 11110, vuelta: 82, contador: 183
hola soy 11110, vuelta: 83, contador: 184
hola soy 11110, vuelta: 84, contador: 185
hola soy 11110, vuelta: 85, contador: 186
hola soy 11110, vuelta: 86, contador: 187
hola soy 11110, vuelta: 87, contador: 188
hola soy 11110, vuelta: 88, contador: 189
hola soy 11110, vuelta: 89, contador: 190
hola soy 11110, vuelta: 90, contador: 191
hola soy 11110, vuelta: 91, contador: 192
hola soy 11110, vuelta: 92, contador: 193
hola soy 11110, vuelta: 93, contador: 194
hola soy 11110, vuelta: 94, contador: 195
hola soy 11110, vuelta: 95, contador: 196
hola soy 11110, vuelta: 96, contador: 197
hola soy 11110, vuelta: 97, contador: 198
hola soy 11110, vuelta: 98, contador: 199
hola soy 11110, vuelta: 99, contador: 200
hola soy 11112, vuelta: 0, contador: 201
hola soy 11112, vuelta: 1, contador: 202
hola soy 11112, vuelta: 2, contador: 203
hola soy 11112, vuelta: 3, contador: 204
hola soy 11112, vuelta: 4, contador: 205
hola soy 11112, vuelta: 5, contador: 206
hola soy 11112, vuelta: 6, contador: 207
hola soy 11112, vuelta: 7, contador: 208
hola soy 11112, vuelta: 8, contador: 209
hola soy 11112, vuelta: 9, contador: 210
hola soy 11112, vuelta: 10, contador: 211
hola soy 11112, vuelta: 11, contador: 212
hola soy 11112, vuelta: 12, contador: 213
hola soy 11112, vuelta: 13, contador: 214
hola soy 11112, vuelta: 14, contador: 215
hola soy 11112, vuelta: 15, contador: 216
hola soy 11112, vuelta: 16, contador: 217
hola soy 11112, vuelta: 17, contador: 218
hola soy 11112, vuelta: 18, contador: 219
hola soy 11112, vuelta: 19, contador: 220
hola soy 11112, vuelta: 20, contador: 221
hola soy 11112, vuelta: 21, contador: 222
hola soy 11112, vuelta: 22, contador: 223
hola soy 11112, vuelta: 23, contador: 224
hola soy 11112, vuelta: 24, contador: 225
hola soy 11112, vuelta: 25, contador: 226
hola soy 11112, vuelta: 26, contador: 227
hola soy 11112, vuelta: 27, contador: 228
hola soy 11112, vuelta: 28, contador: 229
hola soy 11112, vuelta: 29, contador: 230
hola soy 11112, vuelta: 30, contador: 231
hola soy 11112, vuelta: 31, contador: 232
hola soy 11112, vuelta: 32, contador: 233
hola soy 11112, vuelta: 33, contador: 234
hola soy 11112, vuelta: 34, contador: 235
hola soy 11112, vuelta: 35, contador: 236
hola soy 11112, vuelta: 36, contador: 237
hola soy 11112, vuelta: 37, contador: 238
hola soy 11112, vuelta: 38, contador: 239
hola soy 11112, vuelta: 39, contador: 240
hola soy 11112, vuelta: 40, contador: 241
hola soy 11112, vuelta: 41, contador: 242
hola soy 11112, vuelta: 42, contador: 243
hola soy 11112, vuelta: 43, contador: 244
hola soy 11112, vuelta: 44, contador: 245
hola soy 11112, vuelta: 45, contador: 246
hola soy 11112, vuelta: 46, contador: 247
hola soy 11112, vuelta: 47, contador: 248
hola soy 11112, vuelta: 48, contador: 249
hola soy 11112, vuelta: 49, contador: 250
hola soy 11112, vuelta: 50, contador: 251
hola soy 11112, vuelta: 51, contador: 252
hola soy 11112, vuelta: 52, contador: 253
hola soy 11112, vuelta: 53, contador: 254
hola soy 11112, vuelta: 54, contador: 255
hola soy 11112, vuelta: 55, contador: 256
hola soy 11112, vuelta: 56, contador: 257
hola soy 11112, vuelta: 57, contador: 258
hola soy 11112, vuelta: 58, contador: 259
hola soy 11112, vuelta: 59, contador: 260
hola soy 11112, vuelta: 60, contador: 261
hola soy 11112, vuelta: 61, contador: 262
hola soy 11112, vuelta: 62, contador: 263
hola soy 11112, vuelta: 63, contador: 264
hola soy 11112, vuelta: 64, contador: 265
hola soy 11112, vuelta: 65, contador: 266
hola soy 11112, vuelta: 66, contador: 267
hola soy 11112, vuelta: 67, contador: 268
hola soy 11112, vuelta: 68, contador: 269
hola soy 11112, vuelta: 69, contador: 270
hola soy 11112, vuelta: 70, contador: 271
hola soy 11112, vuelta: 71, contador: 272
hola soy 11112, vuelta: 72, contador: 273
hola soy 11112, vuelta: 73, contador: 274
hola soy 11112, vuelta: 74, contador: 275
hola soy 11112, vuelta: 75, contador: 276
hola soy 11112, vuelta: 76, contador: 277
hola soy 11112, vuelta: 77, contador: 278
hola soy 11112, vuelta: 78, contador: 279
hola soy 11112, vuelta: 79, contador: 280
hola soy 11112, vuelta: 80, contador: 281
hola soy 11112, vuelta: 81, contador: 282
hola soy 11112, vuelta: 82, contador: 283
hola soy 11112, vuelta: 83, contador: 284
hola soy 11112, vuelta: 84, contador: 285
hola soy 11112, vuelta: 85, contador: 286
hola soy 11112, vuelta: 86, contador: 287
hola soy 11112, vuelta: 87, contador: 288
hola soy 11112, vuelta: 88, contador: 289
hola soy 11112, vuelta: 89, contador: 290
hola soy 11112, vuelta: 90, contador: 291
hola soy 11112, vuelta: 91, contador: 292
hola soy 11112, vuelta: 92, contador: 293
hola soy 11112, vuelta: 93, contador: 294
hola soy 11112, vuelta: 94, contador: 295
hola soy 11112, vuelta: 95, contador: 296
hola soy 11112, vuelta: 96, contador: 297
hola soy 11112, vuelta: 97, contador: 298
hola soy 11112, vuelta: 98, contador: 299
hola soy 11112, vuelta: 99, contador: 300
hola soy 11109, vuelta: 0, contador: 301
hola soy 11109, vuelta: 1, contador: 302
hola soy 11109, vuelta: 2, contador: 303
hola soy 11109, vuelta: 3, contador: 304
hola soy 11109, vuelta: 4, contador: 305
hola soy 11109, vuelta: 5, contador: 306
hola soy 11109, vuelta: 6, contador: 307
hola soy 11109, vuelta: 7, contador: 308
hola soy 11109, vuelta: 8, contador: 309
hola soy 11109, vuelta: 9, contador: 310
hola soy 11109, vuelta: 10, contador: 311
hola soy 11109, vuelta: 11, contador: 312
hola soy 11109, vuelta: 12, contador: 313
hola soy 11109, vuelta: 13, contador: 314
hola soy 11109, vuelta: 14, contador: 315
hola soy 11109, vuelta: 15, contador: 316
hola soy 11109, vuelta: 16, contador: 317
hola soy 11109, vuelta: 17, contador: 318
hola soy 11109, vuelta: 18, contador: 319
hola soy 11109, vuelta: 19, contador: 320
hola soy 11109, vuelta: 20, contador: 321
hola soy 11109, vuelta: 21, contador: 322
hola soy 11109, vuelta: 22, contador: 323
hola soy 11109, vuelta: 23, contador: 324
hola soy 11109, vuelta: 24, contador: 325
hola soy 11109, vuelta: 25, contador: 326
hola soy 11109, vuelta: 26, contador: 327
hola soy 11109, vuelta: 27, contador: 328
hola soy 11109, vuelta: 28, contador: 329
hola soy 11109, vuelta: 29, contador: 330
hola soy 11109, vuelta: 30, contador: 331
hola soy 11109, vuelta: 31, contador: 332
hola soy 11109, vuelta: 32, contador: 333
hola soy 11109, vuelta: 33, contador: 334
hola soy 11109, vuelta: 34, contador: 335
hola soy 11109, vuelta: 35, contador: 336
hola soy 11109, vuelta: 36, contador: 337
hola soy 11109, vuelta: 37, contador: 338
hola soy 11109, vuelta: 38, contador: 339
hola soy 11109, vuelta: 39, contador: 340
hola soy 11109, vuelta: 40, contador: 341
hola soy 11109, vuelta: 41, contador: 342
hola soy 11109, vuelta: 42, contador: 343
hola soy 11109, vuelta: 43, contador: 344
hola soy 11109, vuelta: 44, contador: 345
hola soy 11109, vuelta: 45, contador: 346
hola soy 11109, vuelta: 46, contador: 347
hola soy 11109, vuelta: 47, contador: 348
hola soy 11109, vuelta: 48, contador: 349
hola soy 11109, vuelta: 49, contador: 350
hola soy 11109, vuelta: 50, contador: 351
hola soy 11109, vuelta: 51, contador: 352
hola soy 11109, vuelta: 52, contador: 353
hola soy 11109, vuelta: 53, contador: 354
hola soy 11109, vuelta: 54, contador: 355
hola soy 11109, vuelta: 55, contador: 356
hola soy 11109, vuelta: 56, contador: 357
hola soy 11109, vuelta: 57, contador: 358
hola soy 11109, vuelta: 58, contador: 359
hola soy 11109, vuelta: 59, contador: 360
hola soy 11109, vuelta: 60, contador: 361
hola soy 11109, vuelta: 61, contador: 362
hola soy 11109, vuelta: 62, contador: 363
hola soy 11109, vuelta: 63, contador: 364
hola soy 11109, vuelta: 64, contador: 365
hola soy 11109, vuelta: 65, contador: 366
hola soy 11109, vuelta: 66, contador: 367
hola soy 11109, vuelta: 67, contador: 368
hola soy 11109, vuelta: 68, contador: 369
hola soy 11109, vuelta: 69, contador: 370
hola soy 11109, vuelta: 70, contador: 371
hola soy 11109, vuelta: 71, contador: 372
hola soy 11109, vuelta: 72, contador: 373
hola soy 11109, vuelta: 73, contador: 374
hola soy 11109, vuelta: 74, contador: 375
hola soy 11109, vuelta: 75, contador: 376
hola soy 11109, vuelta: 76, contador: 377
hola soy 11109, vuelta: 77, contador: 378
hola soy 11109, vuelta: 78, contador: 379
hola soy 11109, vuelta: 79, contador: 380
hola soy 11109, vuelta: 80, contador: 381
hola soy 11109, vuelta: 81, contador: 382
hola soy 11109, vuelta: 82, contador: 383
hola soy 11109, vuelta: 83, contador: 384
hola soy 11109, vuelta: 84, contador: 385
hola soy 11109, vuelta: 85, contador: 386
hola soy 11109, vuelta: 86, contador: 387
hola soy 11109, vuelta: 87, contador: 388
hola soy 11109, vuelta: 88, contador: 389
hola soy 11109, vuelta: 89, contador: 390
hola soy 11109, vuelta: 90, contador: 391
hola soy 11109, vuelta: 91, contador: 392
hola soy 11109, vuelta: 92, contador: 393
hola soy 11109, vuelta: 93, contador: 394
hola soy 11109, vuelta: 94, contador: 395
hola soy 11109, vuelta: 95, contador: 396
hola soy 11109, vuelta: 96, contador: 397
hola soy 11109, vuelta: 97, contador: 398
hola soy 11109, vuelta: 98, contador: 399
hola soy 11109, vuelta: 99, contador: 400
hola soy 11107, vuelta: 0, contador: 401
hola soy 11107, vuelta: 1, contador: 402
hola soy 11107, vuelta: 2, contador: 403
hola soy 11107, vuelta: 3, contador: 404
hola soy 11107, vuelta: 4, contador: 405
hola soy 11107, vuelta: 5, contador: 406
hola soy 11107, vuelta: 6, contador: 407
hola soy 11107, vuelta: 7, contador: 408
hola soy 11107, vuelta: 8, contador: 409
hola soy 11107, vuelta: 9, contador: 410
hola soy 11107, vuelta: 10, contador: 411
hola soy 11107, vuelta: 11, contador: 412
hola soy 11107, vuelta: 12, contador: 413
hola soy 11107, vuelta: 13, contador: 414
hola soy 11107, vuelta: 14, contador: 415
hola soy 11107, vuelta: 15, contador: 416
hola soy 11107, vuelta: 16, contador: 417
hola soy 11107, vuelta: 17, contador: 418
hola soy 11107, vuelta: 18, contador: 419
hola soy 11107, vuelta: 19, contador: 420
hola soy 11107, vuelta: 20, contador: 421
hola soy 11107, vuelta: 21, contador: 422
hola soy 11107, vuelta: 22, contador: 423
hola soy 11107, vuelta: 23, contador: 424
hola soy 11107, vuelta: 24, contador: 425
hola soy 11107, vuelta: 25, contador: 426
hola soy 11107, vuelta: 26, contador: 427
hola soy 11107, vuelta: 27, contador: 428
hola soy 11107, vuelta: 28, contador: 429
hola soy 11107, vuelta: 29, contador: 430
hola soy 11107, vuelta: 30, contador: 431
hola soy 11107, vuelta: 31, contador: 432
hola soy 11107, vuelta: 32, contador: 433
hola soy 11107, vuelta: 33, contador: 434
hola soy 11107, vuelta: 34, contador: 435
hola soy 11107, vuelta: 35, contador: 436
hola soy 11107, vuelta: 36, contador: 437
hola soy 11107, vuelta: 37, contador: 438
hola soy 11107, vuelta: 38, contador: 439
hola soy 11107, vuelta: 39, contador: 440
hola soy 11107, vuelta: 40, contador: 441
hola soy 11107, vuelta: 41, contador: 442
hola soy 11107, vuelta: 42, contador: 443
hola soy 11107, vuelta: 43, contador: 444
hola soy 11107, vuelta: 44, contador: 445
hola soy 11107, vuelta: 45, contador: 446
hola soy 11107, vuelta: 46, contador: 447
hola soy 11107, vuelta: 47, contador: 448
hola soy 11107, vuelta: 48, contador: 449
hola soy 11107, vuelta: 49, contador: 450
hola soy 11107, vuelta: 50, contador: 451
hola soy 11107, vuelta: 51, contador: 452
hola soy 11107, vuelta: 52, contador: 453
hola soy 11107, vuelta: 53, contador: 454
hola soy 11107, vuelta: 54, contador: 455
hola soy 11107, vuelta: 55, contador: 456
hola soy 11107, vuelta: 56, contador: 457
hola soy 11107, vuelta: 57, contador: 458
hola soy 11107, vuelta: 58, contador: 459
hola soy 11107, vuelta: 59, contador: 460
hola soy 11107, vuelta: 60, contador: 461
hola soy 11107, vuelta: 61, contador: 462
hola soy 11107, vuelta: 62, contador: 463
hola soy 11107, vuelta: 63, contador: 464
hola soy 11107, vuelta: 64, contador: 465
hola soy 11107, vuelta: 65, contador: 466
hola soy 11107, vuelta: 66, contador: 467
hola soy 11107, vuelta: 67, contador: 468
hola soy 11107, vuelta: 68, contador: 469
hola soy 11107, vuelta: 69, contador: 470
hola soy 11107, vuelta: 70, contador: 471
hola soy 11107, vuelta: 71, contador: 472
hola soy 11107, vuelta: 72, contador: 473
hola soy 11107, vuelta: 73, contador: 474
hola soy 11107, vuelta: 74, contador: 475
hola soy 11107, vuelta: 75, contador: 476
hola soy 11107, vuelta: 76, contador: 477
hola soy 11107, vuelta: 77, contador: 478
hola soy 11107, vuelta: 78, contador: 479
hola soy 11107, vuelta: 79, contador: 480
hola soy 11107, vuelta: 80, contador: 481
hola soy 11107, vuelta: 81, contador: 482
hola soy 11107, vuelta: 82, contador: 483
hola soy 11107, vuelta: 83, contador: 484
hola soy 11107, vuelta: 84, contador: 485
hola soy 11107, vuelta: 85, contador: 486
hola soy 11107, vuelta: 86, contador: 487
hola soy 11107, vuelta: 87, contador: 488
hola soy 11107, vuelta: 88, contador: 489
hola soy 11107, vuelta: 89, contador: 490
hola soy 11107, vuelta: 90, contador: 491
hola soy 11107, vuelta: 91, contador: 492
hola soy 11107, vuelta: 92, contador: 493
hola soy 11107, vuelta: 93, contador: 494
hola soy 11107, vuelta: 94, contador: 495
hola soy 11107, vuelta: 95, contador: 496
hola soy 11107, vuelta: 96, contador: 497
hola soy 11107, vuelta: 97, contador: 498
hola soy 11107, vuelta: 98, contador: 499
hola soy 11107, vuelta: 99, contador: 500
hola soy 11113, vuelta: 0, contador: 501
hola soy 11113, vuelta: 1, contador: 502
hola soy 11113, vuelta: 2, contador: 503
hola soy 11113, vuelta: 3, contador: 504
hola soy 11113, vuelta: 4, contador: 505
hola soy 11113, vuelta: 5, contador: 506
hola soy 11113, vuelta: 6, contador: 507
hola soy 11113, vuelta: 7, contador: 508
hola soy 11113, vuelta: 8, contador: 509
hola soy 11113, vuelta: 9, contador: 510
hola soy 11113, vuelta: 10, contador: 511
hola soy 11113, vuelta: 11, contador: 512
hola soy 11113, vuelta: 12, contador: 513
hola soy 11113, vuelta: 13, contador: 514
hola soy 11113, vuelta: 14, contador: 515
hola soy 11113, vuelta: 15, contador: 516
hola soy 11113, vuelta: 16, contador: 517
hola soy 11113, vuelta: 17, contador: 518
hola soy 11113, vuelta: 18, contador: 519
hola soy 11113, vuelta: 19, contador: 520
hola soy 11113, vuelta: 20, contador: 521
hola soy 11113, vuelta: 21, contador: 522
hola soy 11113, vuelta: 22, contador: 523
hola soy 11113, vuelta: 23, contador: 524
hola soy 11113, vuelta: 24, contador: 525
hola soy 11113, vuelta: 25, contador: 526
hola soy 11113, vuelta: 26, contador: 527
hola soy 11113, vuelta: 27, contador: 528
hola soy 11113, vuelta: 28, contador: 529
hola soy 11113, vuelta: 29, contador: 530
hola soy 11113, vuelta: 30, contador: 531
hola soy 11113, vuelta: 31, contador: 532
hola soy 11113, vuelta: 32, contador: 533
hola soy 11113, vuelta: 33, contador: 534
hola soy 11113, vuelta: 34, contador: 535
hola soy 11113, vuelta: 35, contador: 536
hola soy 11113, vuelta: 36, contador: 537
hola soy 11113, vuelta: 37, contador: 538
hola soy 11113, vuelta: 38, contador: 539
hola soy 11113, vuelta: 39, contador: 540
hola soy 11113, vuelta: 40, contador: 541
hola soy 11113, vuelta: 41, contador: 542
hola soy 11113, vuelta: 42, contador: 543
hola soy 11113, vuelta: 43, contador: 544
hola soy 11113, vuelta: 44, contador: 545
hola soy 11113, vuelta: 45, contador: 546
hola soy 11113, vuelta: 46, contador: 547
hola soy 11113, vuelta: 47, contador: 548
hola soy 11113, vuelta: 48, contador: 549
hola soy 11113, vuelta: 49, contador: 550
hola soy 11114, vuelta: 0, contador: 550
hola soy 11114, vuelta: 1, contador: 552
hola soy 11114, vuelta: 2, contador: 553
hola soy 11114, vuelta: 3, contador: 554
hola soy 11114, vuelta: 4, contador: 555
hola soy 11114, vuelta: 5, contador: 556
hola soy 11114, vuelta: 6, contador: 557
hola soy 11114, vuelta: 7, contador: 558
hola soy 11114, vuelta: 8, contador: 559
hola soy 11114, vuelta: 9, contador: 560
hola soy 11114, vuelta: 10, contador: 561
hola soy 11113, vuelta: 50, contador: 551
hola soy 11114, vuelta: 11, contador: 562
hola soy 11114, vuelta: 12, contador: 563
hola soy 11114, vuelta: 13, contador: 564
hola soy 11114, vuelta: 14, contador: 565
hola soy 11114, vuelta: 15, contador: 566
hola soy 11114, vuelta: 16, contador: 567
hola soy 11114, vuelta: 17, contador: 568
hola soy 11114, vuelta: 18, contador: 569
hola soy 11114, vuelta: 19, contador: 570
hola soy 11114, vuelta: 20, contador: 571
hola soy 11114, vuelta: 21, contador: 572
hola soy 11114, vuelta: 22, contador: 573
hola soy 11114, vuelta: 23, contador: 574
hola soy 11114, vuelta: 24, contador: 575
hola soy 11114, vuelta: 25, contador: 576
hola soy 11114, vuelta: 26, contador: 577
hola soy 11114, vuelta: 27, contador: 578
hola soy 11114, vuelta: 28, contador: 579
hola soy 11114, vuelta: 29, contador: 580
hola soy 11113, vuelta: 51, contador: 581
hola soy 11113, vuelta: 52, contador: 582
hola soy 11113, vuelta: 53, contador: 583
hola soy 11113, vuelta: 54, contador: 584
hola soy 11113, vuelta: 55, contador: 585
hola soy 11113, vuelta: 56, contador: 586
hola soy 11114, vuelta: 30, contador: 587
hola soy 11114, vuelta: 31, contador: 588
hola soy 11113, vuelta: 57, contador: 587
hola soy 11114, vuelta: 32, contador: 589
hola soy 11113, vuelta: 58, contador: 591
hola soy 11114, vuelta: 33, contador: 591
hola soy 11113, vuelta: 59, contador: 592
hola soy 11114, vuelta: 34, contador: 592
hola soy 11113, vuelta: 60, contador: 593
hola soy 11114, vuelta: 35, contador: 593
hola soy 11113, vuelta: 61, contador: 594
hola soy 11114, vuelta: 36, contador: 594
hola soy 11113, vuelta: 62, contador: 595
hola soy 11114, vuelta: 37, contador: 595
hola soy 11113, vuelta: 63, contador: 596
hola soy 11114, vuelta: 38, contador: 596
hola soy 11113, vuelta: 64, contador: 597
hola soy 11114, vuelta: 39, contador: 597
hola soy 11113, vuelta: 65, contador: 598
hola soy 11114, vuelta: 40, contador: 598
hola soy 11113, vuelta: 66, contador: 599
hola soy 11114, vuelta: 41, contador: 599
hola soy 11113, vuelta: 67, contador: 600
hola soy 11114, vuelta: 42, contador: 600
hola soy 11113, vuelta: 68, contador: 601
hola soy 11114, vuelta: 43, contador: 601
hola soy 11113, vuelta: 69, contador: 602
hola soy 11114, vuelta: 44, contador: 602
hola soy 11113, vuelta: 70, contador: 603
hola soy 11114, vuelta: 45, contador: 603
hola soy 11114, vuelta: 46, contador: 604
hola soy 11114, vuelta: 47, contador: 606
hola soy 11114, vuelta: 48, contador: 607
hola soy 11114, vuelta: 49, contador: 608
hola soy 11114, vuelta: 50, contador: 609
hola soy 11114, vuelta: 51, contador: 610
hola soy 11114, vuelta: 52, contador: 611
hola soy 11114, vuelta: 53, contador: 612
hola soy 11114, vuelta: 54, contador: 613
hola soy 11114, vuelta: 55, contador: 614
hola soy 11114, vuelta: 56, contador: 615
hola soy 11114, vuelta: 57, contador: 616
hola soy 11114, vuelta: 58, contador: 617
hola soy 11114, vuelta: 59, contador: 618
hola soy 11114, vuelta: 60, contador: 619
hola soy 11114, vuelta: 61, contador: 620
hola soy 11113, vuelta: 71, contador: 621
hola soy 11113, vuelta: 72, contador: 622
hola soy 11113, vuelta: 73, contador: 623
hola soy 11114, vuelta: 62, contador: 622
hola soy 11113, vuelta: 74, contador: 624
hola soy 11113, vuelta: 75, contador: 625
hola soy 11114, vuelta: 63, contador: 626
hola soy 11113, vuelta: 76, contador: 626
hola soy 11113, vuelta: 77, contador: 627
hola soy 11114, vuelta: 64, contador: 628
hola soy 11113, vuelta: 78, contador: 628
hola soy 11113, vuelta: 79, contador: 629
hola soy 11113, vuelta: 80, contador: 630
hola soy 11114, vuelta: 65, contador: 631
hola soy 11114, vuelta: 66, contador: 632
hola soy 11113, vuelta: 81, contador: 631
hola soy 11113, vuelta: 82, contador: 633
hola soy 11113, vuelta: 83, contador: 634
hola soy 11113, vuelta: 84, contador: 635
hola soy 11114, vuelta: 67, contador: 634
hola soy 11114, vuelta: 68, contador: 636
hola soy 11113, vuelta: 85, contador: 635
hola soy 11111, vuelta: 0, contador: 638
hola soy 11114, vuelta: 69, contador: 638
hola soy 11113, vuelta: 86, contador: 638
hola soy 11114, vuelta: 70, contador: 639
hola soy 11113, vuelta: 87, contador: 640
hola soy 11114, vuelta: 71, contador: 641
hola soy 11113, vuelta: 88, contador: 642
hola soy 11114, vuelta: 72, contador: 643
hola soy 11113, vuelta: 89, contador: 644
hola soy 11111, vuelta: 1, contador: 645
hola soy 11114, vuelta: 73, contador: 645
hola soy 11113, vuelta: 90, contador: 645
hola soy 11111, vuelta: 2, contador: 646
hola soy 11114, vuelta: 74, contador: 646
hola soy 11113, vuelta: 91, contador: 646
hola soy 11111, vuelta: 3, contador: 647
hola soy 11113, vuelta: 92, contador: 647
hola soy 11114, vuelta: 75, contador: 647
hola soy 11111, vuelta: 4, contador: 648
hola soy 11113, vuelta: 93, contador: 648
hola soy 11114, vuelta: 76, contador: 648
hola soy 11113, vuelta: 94, contador: 649
hola soy 11111, vuelta: 5, contador: 650
hola soy 11113, vuelta: 95, contador: 651
hola soy 11113, vuelta: 96, contador: 653
hola soy 11113, vuelta: 97, contador: 654
hola soy 11111, vuelta: 6, contador: 652
hola soy 11113, vuelta: 98, contador: 655
hola soy 11114, vuelta: 77, contador: 654
hola soy 11111, vuelta: 7, contador: 656
hola soy 11113, vuelta: 99, contador: 657
hola soy 11111, vuelta: 8, contador: 658
hola soy 11111, vuelta: 9, contador: 659
hola soy 11114, vuelta: 78, contador: 660
hola soy 11111, vuelta: 10, contador: 660
hola soy 11111, vuelta: 11, contador: 661
hola soy 11114, vuelta: 79, contador: 662
hola soy 11111, vuelta: 12, contador: 662
hola soy 11111, vuelta: 13, contador: 663
hola soy 11111, vuelta: 14, contador: 664
hola soy 11111, vuelta: 15, contador: 665
hola soy 11114, vuelta: 80, contador: 666
hola soy 11111, vuelta: 16, contador: 666
hola soy 11114, vuelta: 81, contador: 667
hola soy 11114, vuelta: 82, contador: 668
hola soy 11111, vuelta: 17, contador: 669
hola soy 11111, vuelta: 18, contador: 671
hola soy 11111, vuelta: 19, contador: 672
hola soy 11111, vuelta: 20, contador: 673
hola soy 11111, vuelta: 21, contador: 674
hola soy 11111, vuelta: 22, contador: 675
hola soy 11111, vuelta: 23, contador: 676
hola soy 11111, vuelta: 24, contador: 677
hola soy 11111, vuelta: 25, contador: 678
hola soy 11111, vuelta: 26, contador: 679
hola soy 11111, vuelta: 27, contador: 680
hola soy 11111, vuelta: 28, contador: 681
hola soy 11114, vuelta: 83, contador: 681
hola soy 11111, vuelta: 29, contador: 682
hola soy 11114, vuelta: 84, contador: 682
hola soy 11111, vuelta: 30, contador: 683
hola soy 11111, vuelta: 31, contador: 684
hola soy 11111, vuelta: 32, contador: 685
hola soy 11111, vuelta: 33, contador: 686
hola soy 11111, vuelta: 34, contador: 687
hola soy 11111, vuelta: 35, contador: 688
hola soy 11111, vuelta: 36, contador: 689
hola soy 11114, vuelta: 85, contador: 689
hola soy 11111, vuelta: 37, contador: 690
hola soy 11111, vuelta: 38, contador: 691
hola soy 11111, vuelta: 39, contador: 692
hola soy 11111, vuelta: 40, contador: 693
hola soy 11111, vuelta: 41, contador: 694
hola soy 11111, vuelta: 42, contador: 695
hola soy 11111, vuelta: 43, contador: 696
hola soy 11111, vuelta: 44, contador: 697
hola soy 11111, vuelta: 45, contador: 698
hola soy 11114, vuelta: 86, contador: 699
hola soy 11111, vuelta: 46, contador: 699
hola soy 11111, vuelta: 47, contador: 700
hola soy 11111, vuelta: 48, contador: 701
hola soy 11111, vuelta: 49, contador: 702
hola soy 11111, vuelta: 50, contador: 703
hola soy 11111, vuelta: 51, contador: 704
hola soy 11111, vuelta: 52, contador: 705
hola soy 11111, vuelta: 53, contador: 706
hola soy 11111, vuelta: 54, contador: 707
hola soy 11114, vuelta: 87, contador: 709
hola soy 11111, vuelta: 55, contador: 709
hola soy 11114, vuelta: 88, contador: 710
hola soy 11111, vuelta: 56, contador: 711
hola soy 11111, vuelta: 57, contador: 713
hola soy 11111, vuelta: 58, contador: 714
hola soy 11111, vuelta: 59, contador: 715
hola soy 11111, vuelta: 60, contador: 716
hola soy 11111, vuelta: 61, contador: 717
hola soy 11111, vuelta: 62, contador: 718
hola soy 11111, vuelta: 63, contador: 719
hola soy 11111, vuelta: 64, contador: 720
hola soy 11111, vuelta: 65, contador: 721
hola soy 11111, vuelta: 66, contador: 722
hola soy 11111, vuelta: 67, contador: 723
hola soy 11114, vuelta: 89, contador: 723
hola soy 11114, vuelta: 90, contador: 724
hola soy 11111, vuelta: 68, contador: 724
hola soy 11111, vuelta: 69, contador: 726
hola soy 11111, vuelta: 70, contador: 727
hola soy 11111, vuelta: 71, contador: 728
hola soy 11111, vuelta: 72, contador: 729
hola soy 11111, vuelta: 73, contador: 730
hola soy 11111, vuelta: 74, contador: 731
hola soy 11111, vuelta: 75, contador: 732
hola soy 11111, vuelta: 76, contador: 733
hola soy 11111, vuelta: 77, contador: 734
hola soy 11114, vuelta: 91, contador: 735
hola soy 11114, vuelta: 92, contador: 736
hola soy 11114, vuelta: 93, contador: 737
hola soy 11114, vuelta: 94, contador: 738
hola soy 11114, vuelta: 95, contador: 739
hola soy 11114, vuelta: 96, contador: 740
hola soy 11114, vuelta: 97, contador: 741
hola soy 11114, vuelta: 98, contador: 742
hola soy 11114, vuelta: 99, contador: 743
hola soy 11111, vuelta: 78, contador: 743
hola soy 11111, vuelta: 79, contador: 744
hola soy 11111, vuelta: 80, contador: 745
hola soy 11111, vuelta: 81, contador: 746
hola soy 11111, vuelta: 82, contador: 747
hola soy 11111, vuelta: 83, contador: 748
hola soy 11111, vuelta: 84, contador: 749
hola soy 11111, vuelta: 85, contador: 750
hola soy 11111, vuelta: 86, contador: 751
hola soy 11111, vuelta: 87, contador: 752
hola soy 11111, vuelta: 88, contador: 753
hola soy 11111, vuelta: 89, contador: 754
hola soy 11111, vuelta: 90, contador: 755
hola soy 11111, vuelta: 91, contador: 756
hola soy 11111, vuelta: 92, contador: 757
hola soy 11111, vuelta: 93, contador: 758
hola soy 11111, vuelta: 94, contador: 759
hola soy 11111, vuelta: 95, contador: 760
hola soy 11111, vuelta: 96, contador: 761
hola soy 11111, vuelta: 97, contador: 762
hola soy 11111, vuelta: 98, contador: 763
hola soy 11111, vuelta: 99, contador: 764
adios
Valor final del contador 764
fin
bash-3.2$ python3 4_procesos.py[1P_procesos.py5_procesos.py
python3: can't open file '/Users/hanjiezhu/practica1/5_procesos.py': [Errno 2] No such file or directory
bash-3.2$ git statys[K[Kus
fatal: not a git repository (or any of the parent directories): .git
bash-3.2$ ls
0_procesos.py		2_procesos.py		4_procesos.py
1_procesos.py		3_procesos.py		GIT-y-multiprocessing
bash-3.2$ mv *py GIT-y-multiprocessing/
bash-3.2$ cd GIT-y-multiprocessing/
bash-3.2$ ls
0_procesos.py	2_procesos.py	4_procesos.py	README.md
1_procesos.py	3_procesos.py	LICENSE
bash-3.2$ git add *py
bash-3.2$ d[Kmv ../m[K
.DS_Store              GIT-y-multiprocessing/ 
bash-3.2$ mv ../[K[K[K[K[K[Kls
0_procesos.py	2_procesos.py	4_procesos.py	README.md
1_procesos.py	3_procesos.py	LICENSE
bash-3.2$ cd ..
bash-3.2$ ls
GIT-y-multiprocessing
bash-3.2$ pwd
/Users/hanjiezhu/practica1
bash-3.2$ cd ..
bash-3.2$ ls
Applications
C++
Creative Cloud Files
Desktop
Documents
Downloads
FileSPSS
Library
Movies
Music
My project
My project (1)
My project aux
MyFirstGame
OneDrive - Universidad Complutense de Madrid (UCM)
Pictures
Public
TFG Project
Untitled.R
aux
main.cpp
matlab_crash_dump.15584-1
matlab_crash_dump.4675-1
multiprocessing.txt
opt
practica1
bash-3.2$ mv mu